
 Start         Length     Name                   Class
 0001:00000000 000B2BC8H .text                   CODE
 0002:00000000 00002430H .data                   DATA
 0002:00002430 00000999H .bss                    BSS


Detailed map of segments

 0001:00000000 0000601C C=CODE     S=.text    G=(none)   M=System   ACBP=A9
 0001:0000601C 00000174 C=CODE     S=.text    G=(none)   M=SysInit  ACBP=A9
 0001:00006190 00000C58 C=CODE     S=.text    G=(none)   M=Windows  ACBP=A9
 0001:00006DE8 00000038 C=CODE     S=.text    G=(none)   M=Messages ACBP=A9
 0001:00006E20 00000310 C=CODE     S=.text    G=(none)   M=SysConst ACBP=A9
 0001:00007130 000064F8 C=CODE     S=.text    G=(none)   M=SysUtils ACBP=A9
 0001:0000D628 000000A8 C=CODE     S=.text    G=(none)   M=ActiveX  ACBP=A9
 0001:0000D6D0 00000410 C=CODE     S=.text    G=(none)   M=Consts   ACBP=A9
 0001:0000DAE0 0000093C C=CODE     S=.text    G=(none)   M=TypInfo  ACBP=A9
 0001:0000E41C 00009D0F C=CODE     S=.text    G=(none)   M=Classes  ACBP=A9
 0001:0001812C 00008D2B C=CODE     S=.text    G=(none)   M=Graphics ACBP=A9
 0001:00020E58 000001C4 C=CODE     S=.text    G=(none)   M=Contnrs  ACBP=A9
 0001:0002101C 00000404 C=CODE     S=.text    G=(none)   M=Commctrl ACBP=A9
 0001:00021420 00000793 C=CODE     S=.text    G=(none)   M=MultiMon ACBP=A9
 0001:00021BB4 00000038 C=CODE     S=.text    G=(none)   M=Imm      ACBP=A9
 0001:00021BEC 00000048 C=CODE     S=.text    G=(none)   M=Math     ACBP=A9
 0001:00021C34 00000038 C=CODE     S=.text    G=(none)   M=WinSpool ACBP=A9
 0001:00021C6C 00000044 C=CODE     S=.text    G=(none)   M=Printers ACBP=A9
 0001:00021CB0 0000031F C=CODE     S=.text    G=(none)   M=FlatSB   ACBP=A9
 0001:00021FD0 00008544 C=CODE     S=.text    G=(none)   M=StdCtrls ACBP=A9
 0001:0002A514 000005FC C=CODE     S=.text    G=(none)   M=Clipbrd  ACBP=A9
 0001:0002AB10 0000015C C=CODE     S=.text    G=(none)   M=StdActns ACBP=A9
 0001:0002AC6C 0000F7F4 C=CODE     S=.text    G=(none)   M=Controls ACBP=A9
 0001:0003A460 00000E28 C=CODE     S=.text    G=(none)   M=ActnList ACBP=A9
 0001:0003B288 00001938 C=CODE     S=.text    G=(none)   M=ImgList  ACBP=A9
 0001:0003CBC0 000061D7 C=CODE     S=.text    G=(none)   M=Menus    ACBP=A9
 0001:00042D98 0000C7E3 C=CODE     S=.text    G=(none)   M=Forms    ACBP=A9
 0001:0004F57C 00000038 C=CODE     S=.text    G=(none)   M=ShellAPI ACBP=A9
 0001:0004F5B4 00000038 C=CODE     S=.text    G=(none)   M=RegStr   ACBP=A9
 0001:0004F5EC 00000038 C=CODE     S=.text    G=(none)   M=WinInet  ACBP=A9
 0001:0004F624 00000038 C=CODE     S=.text    G=(none)   M=UrlMon   ACBP=A9
 0001:0004F65C 00000038 C=CODE     S=.text    G=(none)   M=ShlObj   ACBP=A9
 0001:0004F694 00000038 C=CODE     S=.text    G=(none)   M=CommDlg  ACBP=A9
 0001:0004F6CC 000043AC C=CODE     S=.text    G=(none)   M=ExtCtrls ACBP=A9
 0001:00053A78 00000038 C=CODE     S=.text    G=(none)   M=Dlgs     ACBP=A9
 0001:00053AB0 00000B01 C=CODE     S=.text    G=(none)   M=Dialogs  ACBP=A9
 0001:000545B4 00000038 C=CODE     S=.text    G=(none)   M=RichEdit ACBP=A9
 0001:000545EC 00000A8C C=CODE     S=.text    G=(none)   M=ToolWin  ACBP=A9
 0001:00055078 00000088 C=CODE     S=.text    G=(none)   M=ComStrs  ACBP=A9
 0001:00055100 0000E1A4 C=CODE     S=.text    G=(none)   M=ComCtrls ACBP=A9
 0001:000632A4 00002A48 C=CODE     S=.text    G=(none)   M=Mask     ACBP=A9
 0001:00065CEC 0000305D C=CODE     S=.text    G=(none)   M=Buttons  ACBP=A9
 0001:00068D4C 000002D0 C=CODE     S=.text    G=(none)   M=DbConsts ACBP=A9
 0001:0006901C 00000050 C=CODE     S=.text    G=(none)   M=ComConst ACBP=A9
 0001:0006906C 00000DF1 C=CODE     S=.text    G=(none)   M=ComObj   ACBP=A9
 0001:00069E60 000133D0 C=CODE     S=.text    G=(none)   M=Db       ACBP=A9
 0001:0007D230 0000B520 C=CODE     S=.text    G=(none)   M=DBCtrls  ACBP=A9
 0001:00088750 000069C8 C=CODE     S=.text    G=(none)   M=Grids    ACBP=A9
 0001:0008F118 00009890 C=CODE     S=.text    G=(none)   M=DBGrids  ACBP=A9
 0001:000989A8 00000038 C=CODE     S=.text    G=(none)   M=DBCGrids ACBP=A9
 0001:000989E0 000034B8 C=CODE     S=.text    G=(none)   M=DBCommon ACBP=A9
 0001:0009BE98 00003D04 C=CODE     S=.text    G=(none)   M=Bde      ACBP=A9
 0001:0009FB9C 00000068 C=CODE     S=.text    G=(none)   M=SMIntf   ACBP=A9
 0001:0009FC04 0000051C C=CODE     S=.text    G=(none)   M=DBPWDlg  ACBP=A9
 0001:000A0120 000003E0 C=CODE     S=.text    G=(none)   M=DBLogDlg ACBP=A9
 0001:000A0500 00000118 C=CODE     S=.text    G=(none)   M=BdeConst ACBP=A9
 0001:000A0618 0000E9E8 C=CODE     S=.text    G=(none)   M=DBTables ACBP=A9
 0001:000AF000 0000143C C=CODE     S=.text    G=(none)   M=Pdatos   ACBP=A9
 0001:000B043C 000024E0 C=CODE     S=.text    G=(none)   M=Ventana  ACBP=A9
 0001:000B291C 000002AC C=CODE     S=.text    G=(none)   M=equipos2 ACBP=A9
 0002:00000000 00000102 C=DATA     S=.data    G=DGROUP   M=System   ACBP=A9
 0002:00000104 00000018 C=DATA     S=.data    G=DGROUP   M=SysInit  ACBP=A9
 0002:0000011C 00000248 C=DATA     S=.data    G=DGROUP   M=SysUtils ACBP=A9
 0002:00000364 00000010 C=DATA     S=.data    G=DGROUP   M=ActiveX  ACBP=A9
 0002:00000374 00000010 C=DATA     S=.data    G=DGROUP   M=TypInfo  ACBP=A9
 0002:00000384 0000005C C=DATA     S=.data    G=DGROUP   M=Classes  ACBP=A9
 0002:000003E0 000002B4 C=DATA     S=.data    G=DGROUP   M=Graphics ACBP=A9
 0002:00000694 00000004 C=DATA     S=.data    G=DGROUP   M=Printers ACBP=A9
 0002:00000698 000000FC C=DATA     S=.data    G=DGROUP   M=StdCtrls ACBP=A9
 0002:00000794 0000012C C=DATA     S=.data    G=DGROUP   M=Controls ACBP=A9
 0002:000008C0 00000020 C=DATA     S=.data    G=DGROUP   M=ImgList  ACBP=A9
 0002:000008E0 000000EC C=DATA     S=.data    G=DGROUP   M=Menus    ACBP=A9
 0002:000009CC 0000013C C=DATA     S=.data    G=DGROUP   M=Forms    ACBP=A9
 0002:00000B08 00000015 C=DATA     S=.data    G=DGROUP   M=ExtCtrls ACBP=A9
 0002:00000B20 000000B0 C=DATA     S=.data    G=DGROUP   M=Dialogs  ACBP=A9
 0002:00000BD0 00000020 C=DATA     S=.data    G=DGROUP   M=ToolWin  ACBP=A9
 0002:00000BF0 00000101 C=DATA     S=.data    G=DGROUP   M=ComCtrls ACBP=A9
 0002:00000CF4 00000010 C=DATA     S=.data    G=DGROUP   M=Mask     ACBP=A9
 0002:00000D04 0000009E C=DATA     S=.data    G=DGROUP   M=Buttons  ACBP=A9
 0002:00000DA4 0000002C C=DATA     S=.data    G=DGROUP   M=ComObj   ACBP=A9
 0002:00000DD0 00000218 C=DATA     S=.data    G=DGROUP   M=Db       ACBP=A9
 0002:00000FE8 0000006C C=DATA     S=.data    G=DGROUP   M=DBCtrls  ACBP=A9
 0002:00001054 00000028 C=DATA     S=.data    G=DGROUP   M=DBGrids  ACBP=A9
 0002:0000107C 0000001C C=DATA     S=.data    G=DGROUP   M=DBCommon ACBP=A9
 0002:00001098 00000C50 C=DATA     S=.data    G=DGROUP   M=Bde      ACBP=A9
 0002:00001CE8 00000010 C=DATA     S=.data    G=DGROUP   M=SMIntf   ACBP=A9
 0002:00001CF8 00000114 C=DATA     S=.data    G=DGROUP   M=DBTables ACBP=A9
 0002:00003000 000004D0 C=BSS      S=.bss     G=DGROUP   M=System   ACBP=A9
 0002:000034D0 00000018 C=BSS      S=.bss     G=DGROUP   M=SysInit  ACBP=A9
 0002:000034E8 00000004 C=BSS      S=.bss     G=DGROUP   M=Windows  ACBP=A9
 0002:000034EC 00000004 C=BSS      S=.bss     G=DGROUP   M=Messages ACBP=A9
 0002:000034F0 00000004 C=BSS      S=.bss     G=DGROUP   M=SysConst ACBP=A9
 0002:000034F4 00000118 C=BSS      S=.bss     G=DGROUP   M=SysUtils ACBP=A9
 0002:0000360C 00000004 C=BSS      S=.bss     G=DGROUP   M=ActiveX  ACBP=A9
 0002:00003610 00000004 C=BSS      S=.bss     G=DGROUP   M=Consts   ACBP=A9
 0002:00003614 00000004 C=BSS      S=.bss     G=DGROUP   M=TypInfo  ACBP=A9
 0002:00003618 00000038 C=BSS      S=.bss     G=DGROUP   M=Classes  ACBP=A9
 0002:00003650 00000060 C=BSS      S=.bss     G=DGROUP   M=Graphics ACBP=A9
 0002:000036B0 00000004 C=BSS      S=.bss     G=DGROUP   M=Contnrs  ACBP=A9
 0002:000036B4 0000000C C=BSS      S=.bss     G=DGROUP   M=Commctrl ACBP=A9
 0002:000036C0 00000031 C=BSS      S=.bss     G=DGROUP   M=MultiMon ACBP=A9
 0002:000036F4 00000004 C=BSS      S=.bss     G=DGROUP   M=Imm      ACBP=A9
 0002:000036F8 00000004 C=BSS      S=.bss     G=DGROUP   M=Math     ACBP=A9
 0002:000036FC 00000004 C=BSS      S=.bss     G=DGROUP   M=WinSpool ACBP=A9
 0002:00003700 00000004 C=BSS      S=.bss     G=DGROUP   M=Printers ACBP=A9
 0002:00003704 00000034 C=BSS      S=.bss     G=DGROUP   M=FlatSB   ACBP=A9
 0002:00003738 00000004 C=BSS      S=.bss     G=DGROUP   M=StdCtrls ACBP=A9
 0002:0000373C 0000000C C=BSS      S=.bss     G=DGROUP   M=Clipbrd  ACBP=A9
 0002:00003748 00000004 C=BSS      S=.bss     G=DGROUP   M=StdActns ACBP=A9
 0002:0000374C 00000070 C=BSS      S=.bss     G=DGROUP   M=Controls ACBP=A9
 0002:000037BC 00000004 C=BSS      S=.bss     G=DGROUP   M=ActnList ACBP=A9
 0002:000037C0 00000004 C=BSS      S=.bss     G=DGROUP   M=ImgList  ACBP=A9
 0002:000037C4 00000010 C=BSS      S=.bss     G=DGROUP   M=Menus    ACBP=A9
 0002:000037D4 00000024 C=BSS      S=.bss     G=DGROUP   M=Forms    ACBP=A9
 0002:000037F8 00000004 C=BSS      S=.bss     G=DGROUP   M=ShellAPI ACBP=A9
 0002:000037FC 00000004 C=BSS      S=.bss     G=DGROUP   M=RegStr   ACBP=A9
 0002:00003800 00000004 C=BSS      S=.bss     G=DGROUP   M=WinInet  ACBP=A9
 0002:00003804 00000004 C=BSS      S=.bss     G=DGROUP   M=UrlMon   ACBP=A9
 0002:00003808 00000004 C=BSS      S=.bss     G=DGROUP   M=ShlObj   ACBP=A9
 0002:0000380C 00000004 C=BSS      S=.bss     G=DGROUP   M=CommDlg  ACBP=A9
 0002:00003810 00000004 C=BSS      S=.bss     G=DGROUP   M=ExtCtrls ACBP=A9
 0002:00003814 00000004 C=BSS      S=.bss     G=DGROUP   M=Dlgs     ACBP=A9
 0002:00003818 00000038 C=BSS      S=.bss     G=DGROUP   M=Dialogs  ACBP=A9
 0002:00003850 00000004 C=BSS      S=.bss     G=DGROUP   M=RichEdit ACBP=A9
 0002:00003854 00000004 C=BSS      S=.bss     G=DGROUP   M=ToolWin  ACBP=A9
 0002:00003858 00000004 C=BSS      S=.bss     G=DGROUP   M=ComStrs  ACBP=A9
 0002:0000385C 00000034 C=BSS      S=.bss     G=DGROUP   M=ComCtrls ACBP=A9
 0002:00003890 00000004 C=BSS      S=.bss     G=DGROUP   M=Mask     ACBP=A9
 0002:00003894 00000030 C=BSS      S=.bss     G=DGROUP   M=Buttons  ACBP=A9
 0002:000038C4 00000004 C=BSS      S=.bss     G=DGROUP   M=DbConsts ACBP=A9
 0002:000038C8 00000004 C=BSS      S=.bss     G=DGROUP   M=ComConst ACBP=A9
 0002:000038CC 00000011 C=BSS      S=.bss     G=DGROUP   M=ComObj   ACBP=A9
 0002:000038E0 00000004 C=BSS      S=.bss     G=DGROUP   M=Db       ACBP=A9
 0002:000038E4 00000004 C=BSS      S=.bss     G=DGROUP   M=DBCtrls  ACBP=A9
 0002:000038E8 00000004 C=BSS      S=.bss     G=DGROUP   M=Grids    ACBP=A9
 0002:000038EC 0000000C C=BSS      S=.bss     G=DGROUP   M=DBGrids  ACBP=A9
 0002:000038F8 00000004 C=BSS      S=.bss     G=DGROUP   M=DBCGrids ACBP=A9
 0002:000038FC 00000004 C=BSS      S=.bss     G=DGROUP   M=DBCommon ACBP=A9
 0002:00003900 0000001C C=BSS      S=.bss     G=DGROUP   M=Bde      ACBP=A9
 0002:0000391C 00000004 C=BSS      S=.bss     G=DGROUP   M=SMIntf   ACBP=A9
 0002:00003920 00000004 C=BSS      S=.bss     G=DGROUP   M=DBPWDlg  ACBP=A9
 0002:00003924 00000004 C=BSS      S=.bss     G=DGROUP   M=DBLogDlg ACBP=A9
 0002:00003928 00000004 C=BSS      S=.bss     G=DGROUP   M=BdeConst ACBP=A9
 0002:0000392C 00000031 C=BSS      S=.bss     G=DGROUP   M=DBTables ACBP=A9
 0002:00003960 00000020 C=BSS      S=.bss     G=DGROUP   M=Pdatos   ACBP=A9
 0002:00003980 00000018 C=BSS      S=.bss     G=DGROUP   M=Ventana  ACBP=A9


  Address         Publics by Name

 0001:00005254       .
 0001:00005534       .
 0002:00003904       .
 0002:00001C0C       .
 0002:000000C0       .
 0001:0009F21C       .
 0002:00001098       .
 0001:0000CBA0       .
 0001:0009BEB8       .
 0001:00005694       .
 0002:00003818       .01
 0002:00003748       .02
 0002:000038C8       .1
 0002:00003800       .1
 0002:00003724       .1
 0002:000038C4       .1
 0002:000034E0       .1
 0002:000034F0       .1
 0002:000037FC       .1
 0002:000037F8       .1
 0002:000036B4       .1
 0002:0000391C       .1
 0002:00003804       .1
 0002:000036F4       .1
 0002:000036E0       .1
 0002:00003808       .1
 0002:00003814       .1
 0002:0000380C       .1
 0002:00003850       .1
 0002:00003900       .1
 0002:00003610       .1
 0002:00003858       .1
 0002:000034EC       .1
 0002:00003928       .1
 0002:000038E0       .16
 0002:00003920       .2
 0002:000036F8       .2
 0002:00003924       .2
 0002:00003740       .2
 0002:00003738       .22
 0002:00003938       .22
 0002:00003754       .22
 0002:000038E4       .22
 0002:0000342C       .3
 0002:0000360C       .3
 0002:000037C0       .3
 0002:000038FC       .3
 0002:000034E8       .3
 0002:00003700       .3
 0002:000036FC       .3
 0002:00003894       .3
 0002:00003854       .4
 0002:000038F8       .4
 0002:000035FC       .44
 0002:0000385C       .45
 0002:00003614       .5
 0002:000037DC       .51
 0002:00003890       .6
 0002:000038CC       .61
 0002:00003810       .61
 0002:000037BC       .7
 0002:00003654       .81
 0002:00003620       .84
 0002:000037CC       .9
 0002:000036B0       .9
 0002:000038EC       .9
 0002:000038E8       .9
 0001:0000195C       @AbstractError
 0001:00002234       @AfterConstruction
 0001:000056DD       @Append
 0001:0000202C       @AsClass
 0001:00005456       @Assign
 0001:00001A78       @AStrCmp
 0001:0000223C       @BeforeDestruction
 0001:00002078       @CallDynaInst
 0001:000021DC       @ClassCreate
 0001:0000222C       @ClassDestroy
 0001:000054F8       @Close
 0001:000018A0       @Copy
 0001:00003678       @CopyArray
 0001:0000355C       @CopyRecord
 0001:000038C4       @DispInvokeError
 0001:00003780       @Dispose
 0001:000026A4       @DoneExcept
 0001:00004BA0       @DynArrayAddRef
 0001:00004B78       @DynArrayAsg
 0001:00004B3C       @DynArrayClear
 0001:0000497C       @DynArrayHigh
 0001:00004974       @DynArrayLength
 0001:00004B30       @DynArraySetLength
 0001:00002798       @ExceptionHandler
 0001:00001AE8       @FillChar
 0001:00003550       @Finalize
 0001:00003468       @FinalizeArray
 0001:0000343C       @FinalizeRecord
 0001:00002090       @FindDynaInst
 0001:000054D1       @Flush
 0001:00001DD0       @FpuInit
 0001:00001D0C       @FpuMaskInit
 0001:000017B8       @FreeMem
 0001:000055AE       @FSafeDivide
 0001:000055AC       @FSafeDivideR
 0001:000017A0       @GetMem
 0001:00006094       @GetTls
 0001:00002B4C       @Halt
 0001:00002A2C       @Halt0
 0001:00002348       @HandleAnyException
 0001:000025FC       @HandleFinally
 0001:00002474       @HandleOnException
 0001:00006124       @InitExe
 0001:00003430       @Initialize
 0001:0000339C       @InitializeArray
 0001:00003370       @InitializeRecord
 0001:00002988       @InitImports
 0001:0000296C       @InitResStringImports
 0001:000051B0       @IntfAddRef
 0001:0000517C       @IntfClear
 0001:00005194       @IntfCopy
 0001:00001DDC       @IntOver
 0001:00002014       @IsClass
 0001:00001CDC       @isNECWindows
 0001:00002F98       @LStrAddRef
 0001:00002B88       @LStrArrayClr
 0001:00002BB8       @LStrAsg
 0001:00002DEC       @LStrCat
 0001:00002E30       @LStrCat3
 0001:00002EA4       @LStrCatN
 0001:00002B64       @LStrClr
 0001:00002EF4       @LStrCmp
 0001:00002FEC       @LStrCopy
 0001:0000302C       @LStrDelete
 0001:00002D94       @LStrFromArray
 0001:00002D0C       @LStrFromChar
 0001:00002D1C       @LStrFromPChar
 0001:00002C4C       @LStrFromPCharLen
 0001:00002D4C       @LStrFromPWChar
 0001:00002C7C       @LStrFromPWCharLen
 0001:00002D88       @LStrFromString
 0001:00002DAC       @LStrFromWStr
 0001:00003074       @LStrInsert
 0001:00002BFC       @LStrLAsg
 0001:00002DE4       @LStrLen
 0001:000030D0       @LStrPos
 0001:00003118       @LStrSetLength
 0001:00002FA8       @LStrToPChar
 0001:00002DC0       @LStrToString
 0001:0000376C       @New
 0001:00002C28       @NewAnsiString
 0001:000032C8       @NewWideString
 0001:00004034       @OleVarFromVar
 0001:00005960       @Pow10
 0001:000019F4       @PStrCmp
 0001:000019A8       @PStrCpy
 0001:00001978       @PStrNCat
 0001:000019C4       @PStrNCpy
 0001:00002650       @RaiseAgain
 0001:00002634       @RaiseExcept
 0001:000017D0       @ReallocMem
 0001:000056CF       @ResetText
 0001:000056D6       @RewritText
 0001:00001950       @ROUND
 0001:00002B58       @RunError
 0001:0000193C       @SetLength
 0001:00001C7C       @SetRange
 0001:0000293C       @StartExe
 0001:00004734       @Str0Int64
 0001:00001B68       @Str0Long
 0001:00004674       @StrInt64
 0001:00001B08       @StrLong
 0001:000026D4       @TryFinallyExit
 0001:0000585C       @ValExt
 0001:00004750       @ValInt64
 0001:00001B74       @ValLong
 0001:000042BC       @VarAddRef
 0001:000044DC       @VarArrayGet
 0001:00004570       @VarArrayPut
 0001:00003B34       @VarCast
 0001:000038DC       @VarClear
 0001:000042B4       @VarClr
 0001:000041A4       @VarCmp
 0001:00003920       @VarCopy
 0001:00003ED0       @VarFromBool
 0001:00003F20       @VarFromCurr
 0001:00003EB8       @VarFromInt
 0001:00003FAC       @VarFromIntf
 0001:00003F38       @VarFromLStr
 0001:00003EF0       @VarFromReal
 0001:00003F08       @VarFromTDateTime
 0001:00003F78       @VarFromWStr
 0001:00003C94       @VarToBool
 0001:00003D24       @VarToCurr
 0001:00003C28       @VarToInt
 0001:00003E64       @VarToIntf
 0001:00003D80       @VarToLStr
 0001:00003CC8       @VarToReal
 0001:00003DBC       @VarToWStr
 0001:000057C3       @Write0Char
 0001:0000582C       @Write0CString
 0001:00005788       @Write0String
 0001:000056E4       @WriteBytes
 0001:00005815       @WriteChar
 0001:00005830       @WriteCString
 0001:000057AF       @WriteLn
 0001:0000574F       @WriteSpaces
 0001:00005792       @WriteString
 0001:000031AC       @WStrArrayClr
 0001:000031D0       @WStrAsg
 0001:00003194       @WStrClr
 0001:000032E0       @WStrCopy
 0001:0000329C       @WStrFromLStr
 0001:000031F4       @WStrFromPCharLen
 0001:00003278       @WStrFromPWCharLen
 0001:000032BC       @WStrLen
 0001:0000332C       @WStrSetLength
 0001:000032AC       @WStrToPWChar
 0001:00001C58       @_CLenToPasStr
 0001:00001C40       @_CToPasStr
 0001:000054AC       @_Flush
 0001:00001870       @_IOTest
 0001:00005C7A       @_lldiv
 0001:00005CF2       @_lldivo
 0001:00005D6D       @_llmod
 0001:00005DE7       @_llmodo
 0001:00005C34       @_llmul
 0001:00005C57       @_llmulo
 0001:00005E67       @_llshl
 0001:00005D24       @_lludiv
 0001:00005E19       @_llumod
 0001:00005E9F       @_llushr
 0001:0000B21C       Abort
 0001:0002D454       AbsMin
 0001:0000B614       AbstractErrorHandler
 0002:0000301C       AbstractErrorProc
 0002:00000194       AccessMode
 0001:00006678       ActivateKeyboardLayout
 0002:0000377C       ActiveDrag
 0001:0000D6C8       ActiveX
 0001:0003B280       ActnList
 0001:000004D8       AddBlockAfter
 0001:00007D20       AddExitProc
 0001:000708D0       AddFieldDefs
 0001:000933F8       AddFields
 0001:00070B2C       AddFields
 0001:000131A0       AddFinished
 0001:0003E6C4       AddIn
 0001:000A33D4       AddMessage
 0001:00004FB8       AddModuleUnloadProc
 0001:00004FC8       AddModuleUnloadProc
 0001:000131D8       AddNotFinished
 0001:0001BAC4       AdjustColor
 0001:00052490       AdjustColors
 0001:0007B7B4       AdjustFirstRecord
 0001:0000800C       AdjustLineBreaks
 0001:00045C94       Adjustment
 0001:00006680       AdjustWindowRectEx
 0001:0000C510       AL1
 0002:0000034C       AL1s
 0001:0000C520       AL2
 0002:00000358       AL2s
 0002:00001058       AlignFlags
 0002:000009B4       Alignments
 0002:000009A4       Alignments
 0002:00000B10       Alignments
 0002:000006A0       Alignments
 0002:000006E0       Alignments
 0002:00000740       Alignments
 0002:00000FE8       AlignStyle
 0002:00000C20       AlignStyles
 0001:000323FC       AlignWork
 0001:0004CB2C       AlignWork
 0001:000456C0       AllocateHWnd
 0001:00007CD4       AllocMem
 0002:00003424       AllocMemCount
 0002:00003428       AllocMemSize
 0001:00020C50       AllocPatternBitmap
 0001:0000C58C       ALR
 0001:0000C538       ALV
 0001:000160B8       AncestorValid
 0002:0000079C       AnchorAlign
 0002:0000398C       anio
 0001:00007ED0       AnsiCompareStr
 0001:00007F08       AnsiCompareText
 0001:00008308       AnsiLastChar
 0001:00006688       AnsiLower
 0001:00007E9C       AnsiLowerCase
 0001:0000BDDC       AnsiLowerCaseFileName
 0001:0000BDA4       AnsiPos
 0001:00042BCC       AnsiSameCaption
 0001:00007F40       AnsiSameText
 0001:00007F7C       AnsiStrIComp
 0001:00007F9C       AnsiStrLIComp
 0001:0000BEF4       AnsiStrPos
 0001:0000BF94       AnsiStrRScan
 0001:0000BFBC       AnsiStrScan
 0001:000A305C       AnsiToNative
 0001:000A30E8       AnsiToNativeBuf
 0001:00007E68       AnsiUpperCase
 0001:0000BE68       AnsiUpperCaseFileName
 0001:000039BC       AnyChangeType
 0001:00004108       AnyCmp
 0001:00003DF4       AnyToIntf
 0001:00009544       AppendChars
 0001:0000990C       AppendFormat
 0001:000095A8       AppendNumber
 0001:00009588       AppendString
 0002:000037D4       Application
 0002:00000B00       AppVisible
 0002:00000D00       ArrowKey
 0001:0000B5F8       AssertErrorHandler
 0002:00003018       AssertErrorProc
 0001:000AE588       AssignFields
 0001:0000DF0C       AssignLongStr
 0001:000ABB08       AssignParams
 0001:0000E254       AssignVariant
 0001:0000DFA0       AssignWideStr
 0001:000715D8       AttributeSetStored
 0002:00000C9C       AutoExpandStyles
 0002:00003478       avail
 0001:0000849C       BackfillGetDiskFreeSpaceEx
 0001:0002FD80       BackgroundClipped
 0002:00000FC4       BaseFieldTypes
 0002:00000068       BaseTypeMap
 0001:0006F53C       BCDToCurr
 0001:0009FB94       Bde
 0001:000A2E68       BdeCallBack
 0001:000A0610       BdeConst
 0002:00003954       BDEInitProcs
 0001:00010084       BeginGlobalLoading
 0001:00006690       BeginPaint
 0001:0001BAD0       BetterSize
 0001:00051DAC       BevelLine
 0001:00051CBC       BevelRect
 0001:0003F454       BiDiDraw
 0001:00006418       BitBlt
 0002:00000D30       BitBtnCaptions
 0002:00003898       BitBtnGlyphs
 0002:00000D5C       BitBtnModalResults
 0002:00000D04       BitBtnResNames
 0002:00000648       BitmapCanvasList
 0002:0000366C       BitmapImageLock
 0002:00001D7C       BlobTypeMap
 0002:000009E8       BlockCode
 0002:00003450       blockDescBlockList
 0002:00003454       blockDescFreeList
 0002:00000374       BooleanIdents
 0002:00001084       BoolFalse
 0002:00000B08       BorderStyles
 0002:00000C54       BorderStyles
 0002:00000A58       BorderStyles
 0002:00000698       BorderStyles
 0001:0000F990       Bounds
 0002:0000094C       Breaks
 0002:000036A4       BrushManager
 0002:00001028       BtnHintId
 0002:00001000       BtnTypeName
 0001:0006F49C       BuffersEqual
 0001:0007AF5C       BufferToByteArray
 0001:00088D44       Build
 0001:000419D8       BuildImage
 0002:00000B78       ButtonCaptions
 0002:00000D8C       ButtonCount
 0002:00000B4C       ButtonNames
 0001:00068D24       Buttons
 0002:000009C8       Buttons
 0002:00000CB4       ButtonStates
 0002:00000C6C       ButtonStyles
 0002:00000CC4       ButtonStyles
 0002:00000738       ButtonStyles
 0002:00003824       ButtonWidths
 0001:0007B014       ByteArrayToBuffer
 0001:0001B2B0       BytesPerScanline
 0001:0001B608       ByteSwapColors
 0001:0000BBE8       ByteToCharIndex
 0001:0000BBC0       ByteToCharLen
 0001:0000BB84       ByteType
 0001:0000BB0C       ByteTypeTest
 0002:000000BC       C10000
 0002:00000380       C10000
 0001:0008BDC4       CalcAxis
 0001:0008B0F8       CalcAxis
 0001:0008B334       CalcAxisState
 0001:0008B17C       CalcFixedAxis
 0001:000455FC       CalcJmpOffset
 0001:0008B290       CalcMaxCell
 0001:0008D264       CalcPageExtents
 0001:0008CB60       CalcScroll
 0001:0008C1C8       CalcScrollBar
 0001:00061178       CalcSize
 0001:0008CEC4       CalcSizeInfo
 0001:000397B4       CalcSplitterPos
 0001:00076424       CalcTotalSize
 0001:00071618       CalculatedStored
 0001:00006698       CallNextHookEx
 0001:0000C4D4       CallTerminateProcs
 0001:000066A0       CallWindowProc
 0001:000A8D68       CanBlockRead
 0001:0002E3CC       CancelDrag
 0001:0007C4F0       CancelNestedDataSets
 0002:0000378C       CanvasList
 0002:000036A8       CanvasList
 0002:00000B24       Captions
 0002:00000854       CaptureControl
 0002:000008EC       cBooleanToItemAutoFlag
 0002:00001DC0       CBRetCode
 0002:0000373E       CF_COMPONENT
 0002:0000373C       CF_PICTURE
 0002:000033EC       ChangeAnyProc
 0001:0002CB00       ChangeBiDiModeAlignment
 0001:00008388       ChangeFileExt
 0001:00003A28       ChangeSourceAny
 0002:00000724       CharCases
 0002:000006C0       CharCases
 0001:000066A8       CharLowerBuff
 0001:000002D4       CharNext
 0001:00019990       CharsetToIdent
 0001:0000BCAC       CharToByteIndex
 0001:0000BD10       CharToByteLen
 0001:000066B0       CharToOem
 0001:000066B8       CharToOemBuff
 0001:000066C0       CharUpperBuff
 0001:000A3370       Check
 0001:0001C098       CheckBool
 0001:00096074       CheckForPassthroughs
 0001:000AACF0       CheckIfParentScrolled
 0001:000A2614       CheckIndexOpen
 0001:000022C4       CheckJmp
 0001:000066C8       CheckMenuItem
 0001:0007B3E4       CheckNestedBrowseMode
 0002:0000093C       Checks
 0001:0004550C       CheckTaskWindow
 0001:0002E0FC       CheckUndock
 0002:000008F0       cItemAutoFlagToBoolean
 0002:000008E8       cItemAutoFlagToMenu
 0002:00003628       ClassAliasList
 0001:000180B8       Classes
 0002:00003624       ClassList
 0001:0000F9B8       ClassNotFound
 0002:00001CE8       Class_SMClient
 0002:000033E8       ClearAnyProc
 0001:00019308       ClearColor
 0001:00069B40       ClearExcepInfo
 0001:000956C0       ClearSelection
 0001:000066D0       ClientToScreen
 0001:000371D8       ClientToWindow
 0001:0002AA5C       Clipboard
 0002:00000640       ClipboardFormats
 0001:0002AAB8       Clipbrd
 0001:000066D8       CloseClipboard
 0001:000061B8       CloseHandle
 0001:00000274       CloseHandle
 0002:00003030       CmdLine
 0002:0000302C       CmdShow
 0002:000008E4       cMenuAutoFlagToItem
 0002:00000DAC       CoAddRefServerProcess
 0001:0000D674       CoCreateInstance
 0002:00000DA4       CoCreateInstanceEx
 0002:00000DBC       CoInitFlags
 0001:0000D664       CoInitialize
 0002:00000DA8       CoInitializeEx
 0001:0001034C       CollectionsEqual
 0002:00000410       Colors
 0001:00019788       ColorToIdent
 0001:00019778       ColorToRGB
 0001:00006420       CombineRgn
 0002:00000710       ComboBoxStyles
 0002:000038D4       ComClassManagerVar
 0001:00069064       ComConst
 0002:000036B8       ComCtl32DLL
 0002:00003868       ComCtlVersion
 0001:0006329C       ComCtrls
 0002:000037D0       CommandPool
 0001:00021418       Commctrl
 0001:0004F6C4       CommDlg
 0001:000007B8       Commit
 0002:00003494       committedRoot
 0001:00069E0C       ComObj
 0001:000890B8       CompareExtents
 0001:0003DD34       CompareFront
 0001:00007DD0       CompareMem
 0001:000061C0       CompareString
 0001:00007DF0       CompareText
 0001:00013B5C       ComponentCreated
 0001:0001BE68       ComputeAldusChecksum
 0001:000550F8       ComStrs
 0001:000AC9B0       ConcatField
 0001:0000DAD8       Consts
 0001:00021014       Contnrs
 0002:0000375A       ControlAtom
 0001:0003A43C       Controls
 0001:0000B00C       ConvertAddr
 0001:00009698       ConvertEraString
 0001:00007C5C       ConvertError
 0001:00007C74       ConvertErrorFmt
 0001:00009804       ConvertYearString
 0001:00004984       CopyArray
 0001:0001E314       CopyBitmap
 0001:0001E9D4       CopyBitmapAsMask
 0001:00006428       CopyEnhMetaFile
 0001:000682DC       CopyImage
 0001:00068B4C       CopyImage
 0001:0001E970       CopyPalette
 0001:00040B74       CopyToBest
 0002:00000DB0       CoReleaseServerProcess
 0002:00000DB4       CoResumeClassObjects
 0002:00000DB8       CoSuspendClassObjects
 0001:0000D66C       CoUninitialize
 0001:0000BC38       CountChars
 0002:00003684       CounterLock
 0001:0000B53C       CreateAssertException
 0001:0000B6D4       CreateAVObject
 0001:00006430       CreateBitmap
 0001:00006438       CreateBrushIndirect
 0001:00006440       CreateCompatibleBitmap
 0001:00006448       CreateCompatibleDC
 0001:00013BDC       CreateComponent
 0001:00006458       CreateDIBitmap
 0001:00006450       CreateDIBSection
 0001:000061C8       CreateEvent
 0001:000061D0       CreateFile
 0001:0000027C       CreateFileA
 0001:00006460       CreateFontIndirect
 0001:00006468       CreateHalftonePalette
 0001:000066E0       CreateIcon
 0001:0000B478       CreateInOutError
 0001:000066E8       CreateMenu
 0001:00053DA4       CreateMessageDialog
 0001:000061D8       CreateMutexA
 0001:00006470       CreatePalette
 0001:00006478       CreatePenIndirect
 0001:000066F0       CreatePopupMenu
 0001:00006480       CreateRectRgn
 0001:00006488       CreateSolidBrush
 0001:0001B660       CreateSystemPalette
 0001:000061E0       CreateThread
 0001:00006C84       CreateWindow
 0001:000066F8       CreateWindowEx
 0002:00000794       CreationControl
 0002:0000078C       CSHREDRAW
 0002:00000BE8       Ctl3DStyles
 0002:00000890       Ctl3DStyles
 0001:000892EC       Ctrl
 0002:0000348C       curAlloc
 0002:000034FC       CurrencyDecimals
 0002:000034F8       CurrencyFormat
 0002:000034F4       CurrencyString
 0001:00009530       CurrentYear
 0001:0006F4B0       CurrToBCD
 0001:00008DA8       CurrToStr
 0001:00008E10       CurrToStrF
 0002:00000A84       CursorMap
 0002:000007A4       Cursors
 0001:0002CDAC       CursorToIdent
 0002:00000F04       CWNear
 0001:0006F308       DatabaseError
 0001:0006F3B4       DatabaseErrorFmt
 0002:00001D64       DataTypeMap
 0002:000034FD       DateSeparator
 0001:0007AF14       DateTimeToNative
 0001:0000A0DC       DateTimeToStr
 0001:0000A080       DateTimeToString
 0001:00009000       DateTimeToTimeStamp
 0002:00003960       Datos
 0001:000094B8       DayOfWeek
 0001:0007D228       Db
 0001:000989D8       DBCGrids
 0001:0009BE90       DBCommon
 0001:00069014       DbConsts
 0001:0008873C       DBCtrls
 0001:000989A0       DBGrids
 0001:0009E5AA       DbiAcqPersistTableLock
 0001:0009E5BC       DbiAcqTableLock
 0001:0009DEBA       DbiActivateFilter
 0001:0009D812       DbiAddAlias
 0001:0009D77C       DbiAddDriver
 0001:0009DEC6       DbiAddFilter
 0001:0009E3E2       DbiAddIndex
 0001:0009E56E       DbiAddPassword
 0001:0009DA94       DbiAnsiToNative
 0001:0009E388       DbiAppendRecord
 0001:0009D8C0       DbiApplyDelayedUpdates
 0001:0009DEA8       DbiBatchMove
 0001:0009DA64       DbiBcdFromFloat
 0001:0009DA6A       DbiBcdToFloat
 0001:0009D710       DbiBeginConstraintLayer
 0001:0009D8CC       DbiBeginDelayedUpdates
 0001:0009E5F8       DbiBeginLinkMode
 0001:0009DE96       DbiBeginTran
 0001:0009E28C       DbiCfgAddRecord
 0001:0009E2A4       DbiCfgBuildPath
 0001:0009E280       DbiCfgDropRecord
 0001:0009E274       DbiCfgGetHelp
 0001:0009E298       DbiCfgGetNextNode
 0001:0009E292       DbiCfgGetRecord
 0001:0009E26E       DbiCfgMerge
 0001:0009E286       DbiCfgModifyRecord
 0001:0009E29E       DbiCfgPosition
 0001:0009E2AA       DbiCfgSave
 0001:0009E27A       DbiCfgTranslate
 0001:0009E31C       DbiCheckRefresh
 0001:0009D6F8       DbiCheckSQLExpression
 0001:0009E412       DbiCloneCursor
 0001:0009DAB2       DbiCloseConfigFile
 0001:0009E6BE       DbiCloseCursor
 0001:0009E6D6       DbiCloseDatabase
 0001:0009DA16       DbiCloseFieldXlt
 0001:0009E43C       DbiCloseIndex
 0001:0009E574       DbiCloseSession
 0001:0009E418       DbiCompareBookMarks
 0001:0009E382       DbiCompareKeys
 0001:0009E3F4       DbiCopyTable
 0001:0009E60A       DbiCreateInMemTable
 0001:0009E3FA       DbiCreateTable
 0001:0009E358       DbiCreateTempTable
 0001:0009D6E0       DbiDatabaseFlush
 0001:0009E448       DbiDateDecode
 0001:0009E44E       DbiDateEncode
 0001:0009DEB4       DbiDeactivateFilter
 0001:0009E244       DbiDebugLayerOptions
 0001:0009D7FA       DbiDeleteAlias
 0001:0009D776       DbiDeleteDriver
 0001:0009E3DC       DbiDeleteIndex
 0001:0009E67C       DbiDeleteRecord
 0001:0009E3E8       DbiDeleteTable
 0001:0009FAFD       DbiDLLExit
 0001:0009E3C4       DbiDoRestructure
 0001:0009D7A0       DbiDRAdd
 0001:0009D896       DbiDRAddAttr
 0001:0009D8AE       DbiDRClose
 0001:0009D830       DbiDRCreate
 0001:0009D7F4       DbiDRCreateEnumAttrDomain
 0001:0009D89C       DbiDRCreateObjectType
 0001:0009D88A       DbiDRCreateRelationType
 0001:0009D82A       DbiDRDelete
 0001:0009D7E8       DbiDRDeleteEnumAttrDomain
 0001:0009D87E       DbiDRDeleteObjectType
 0001:0009D884       DbiDRDeleteRelationType
 0001:0009D79A       DbiDRDrop
 0001:0009D890       DbiDRDropAttr
 0001:0009D8A2       DbiDRExportToFile
 0001:0009D860       DbiDRGetAttrDescs
 0001:0009D8BA       DbiDRGetDesc
 0001:0009D7E2       DbiDRGetEnumAttrDomain
 0001:0009D848       DbiDRGetObjID
 0001:0009D866       DbiDRGetObjTypeInfo
 0001:0009D7A6       DbiDRGetRelatedObject
 0001:0009D85A       DbiDRGetRelTypeInfo
 0001:0009D8A8       DbiDRImportFromFile
 0001:0009D836       DbiDRLoadDBObject
 0001:0009D7EE       DbiDRModifyEnumAttrDomain
 0001:0009D8B4       DbiDROpen
 0001:0009D872       DbiDROpenAttrTypeList
 0001:0009D878       DbiDROpenObjectTypeList
 0001:0009D854       DbiDROpenObjSet
 0001:0009D84E       DbiDROpenRelSet
 0001:0009D86C       DbiDROpenRelTypeList
 0001:0009DEC0       DbiDropFilter
 0001:0009E568       DbiDropPassword
 0001:0009D842       DbiDRSetToObjID
 0001:0009D83C       DbiDRSetToObjName
 0001:0009E3A0       DbiEmptyTable
 0001:0009D6FE       DbiEndConstraintLayer
 0001:0009D8C6       DbiEndDelayedUpdates
 0001:0009E5F2       DbiEndLinkMode
 0001:0009DE90       DbiEndTran
 0001:000A3358       DbiError
 0001:0009FA7D       DbiExit
 0001:0009E42A       DbiExtractKey
 0001:0009E58C       DbiForceRecordReread
 0001:0009E598       DbiForceReread
 0001:0009E34C       DbiFormFullName
 0001:0009E4D8       DbiFreeBlob
 0001:0009D968       DbiFreeSQLRequest
 0001:0009E4EA       DbiGetBlob
 0001:0009E4D2       DbiGetBlobHeading
 0001:0009E4F0       DbiGetBlobSize
 0001:0009E424       DbiGetBookMark
 0001:0009E316       DbiGetCallBack
 0001:0009DEEA       DbiGetClientInfo
 0001:0009E57A       DbiGetCurrSession
 0001:0009E592       DbiGetCursorForTable
 0001:0009E6CA       DbiGetCursorProps
 0001:0009E538       DbiGetDatabaseDesc
 0001:0009E268       DbiGetDateFormat
 0001:0009D7BE       DbiGetDefaultRepository
 0001:0009E65E       DbiGetDirectory
 0001:0009E544       DbiGetDriverDesc
 0001:0009E340       DbiGetErrorContext
 0001:0009E33A       DbiGetErrorEntry
 0001:0009E370       DbiGetErrorInfo
 0001:0009E346       DbiGetErrorString
 0001:0009DE42       DbiGetExactRecordCount
 0001:0009E45A       DbiGetField
 0001:0009E6C4       DbiGetFieldDescs
 0001:0009E520       DbiGetFieldTypeDesc
 0001:0009DA28       DbiGetFilterInfo
 0001:0009E430       DbiGetIndexDesc
 0001:0009DAA6       DbiGetIndexDescs
 0001:0009E3D6       DbiGetIndexForField
 0001:0009E3D0       DbiGetIndexSeqNo
 0001:0009E514       DbiGetIndexTypeDesc
 0001:0009DED2       DbiGetLdName
 0001:0009DE72       DbiGetLdNameFromDb
 0001:0009E364       DbiGetLdObj
 0001:0009E5E0       DbiGetLinkStatus
 0001:0009E4A8       DbiGetNetUserName
 0001:0009E6A6       DbiGetNextRecord
 0001:0009E250       DbiGetNumberFormat
 0001:0009DA82       DbiGetObjFromName
 0001:0009DA34       DbiGetObjFromObj
 0001:0009E6A0       DbiGetPriorRecord
 0001:0009DA8E       DbiGetProp
 0001:0009E69A       DbiGetRecord
 0001:0009E68E       DbiGetRecordCount
 0001:0009E37C       DbiGetRecordForKey
 0001:0009E694       DbiGetRelativeRecord
 0001:0009D9EC       DbiGetRintDesc
 0001:0009E676       DbiGetSeqNo
 0001:0009E4AE       DbiGetSesInfo
 0001:0009D96E       DbiGetSQLRequest
 0001:0009E4C0       DbiGetSysConfig
 0001:0009E4BA       DbiGetSysInfo
 0001:0009E4C6       DbiGetSysVersion
 0001:0009E4FC       DbiGetTableOpenCount
 0001:0009E52C       DbiGetTableTypeDesc
 0001:0009E25C       DbiGetTimeFormat
 0001:0009DE8A       DbiGetTranInfo
 0001:0009D9F2       DbiGetVchkDesc
 0001:0009D770       DbiImportODBC
 0001:0009BEA0       DbiInit
 0001:0009F982       DbiInitFn
 0001:0009E40C       DbiInitRecord
 0001:0009E688       DbiInsertRecord
 0001:0009E5DA       DbiIsRecordLocked
 0001:0009E5D4       DbiIsTableLocked
 0001:0009E5CE       DbiIsTableShared
 0001:0009E5EC       DbiLinkDetail
 0001:0009E5C8       DbiLinkDetailToExp
 0001:0009E502       DbiLoadDriver
 0001:0009DAA0       DbiMakePermanent
 0001:0009E682       DbiModifyRecord
 0001:0009DA9A       DbiNativeToAnsi
 0001:0009E4F6       DbiOpenBlob
 0001:0009DABE       DbiOpenCfgInfoList
 0001:0009DAB8       DbiOpenConfigFile
 0001:0009E6DC       DbiOpenDatabase
 0001:0009E53E       DbiOpenDatabaseList
 0001:0009E54A       DbiOpenDriverList
 0001:0009E628       DbiOpenFamilyList
 0001:0009E640       DbiOpenFieldList
 0001:0009E526       DbiOpenFieldTypesList
 0001:0009DA04       DbiOpenFieldXlt
 0001:0009E64C       DbiOpenFileList
 0001:0009D81E       DbiOpenFunctionArgList
 0001:0009D824       DbiOpenFunctionList
 0001:0009E442       DbiOpenIndex
 0001:0009E646       DbiOpenIndexList
 0001:0009E51A       DbiOpenIndexTypesList
 0001:0009E63A       DbiOpenLdList
 0001:0009E55C       DbiOpenLockList
 0001:0009D6F2       DbiOpenNestedTable
 0001:0009D6E6       DbiOpenRef
 0001:0009D7CA       DbiOpenRepositoryList
 0001:0009E62E       DbiOpenRintList
 0001:0009E610       DbiOpenSecurityList
 0001:0009D7AC       DbiOpenSessionRepository
 0001:0009D992       DbiOpenSPList
 0001:0009D98C       DbiOpenSPParamList
 0001:0009E6D0       DbiOpenTable
 0001:0009E652       DbiOpenTableList
 0001:0009E532       DbiOpenTableTypesList
 0001:0009E562       DbiOpenUserList
 0001:0009E634       DbiOpenVchkList
 0001:0009E3A6       DbiPackTable
 0001:0009E4E4       DbiPutBlob
 0001:0009E454       DbiPutField
 0001:0009E46C       DbiQAlloc
 0001:0009E484       DbiQExec
 0001:0009E490       DbiQExecDirect
 0001:0009D97A       DbiQExecProcDirect
 0001:0009E472       DbiQFree
 0001:0009E466       DbiQGetBaseDescs
 0001:0009E478       DbiQInstantiateAnswer
 0001:0009E48A       DbiQPrepare
 0001:0009D974       DbiQPrepareExt
 0001:0009D986       DbiQPrepareProc
 0001:0009E47E       DbiQSetParams
 0001:0009D980       DbiQSetProcParams
 0001:0009E604       DbiReadBlock
 0001:0009E39A       DbiRegenIndex
 0001:0009E394       DbiRegenIndexes
 0001:0009E460       DbiRegisterCallBack
 0001:0009E5A4       DbiRelPersistTableLock
 0001:0009E5B0       DbiRelRecordLock
 0001:0009E5B6       DbiRelTableLock
 0001:0009E3EE       DbiRenameTable
 0001:0009E66A       DbiResetRange
 0001:0009E59E       DbiSaveChanges
 0001:0009D794       DbiSchemaCacheFlush
 0001:0009E580       DbiSetCurrSession
 0001:0009E262       DbiSetDateFormat
 0001:0009D7C4       DbiSetDefaultRepository
 0001:0009E658       DbiSetDirectory
 0001:0009E376       DbiSetFieldMap
 0001:0009E550       DbiSetLockRetry
 0001:0009E24A       DbiSetNumberFormat
 0001:0009E556       DbiSetPrivateDir
 0001:0009DA88       DbiSetProp
 0001:0009E670       DbiSetRange
 0001:0009E256       DbiSetTimeFormat
 0001:0009E6B8       DbiSetToBegin
 0001:0009E41E       DbiSetToBookMark
 0001:0009E6AC       DbiSetToCursor
 0001:0009E6B2       DbiSetToEnd
 0001:0009E664       DbiSetToKey
 0001:0009E3CA       DbiSetToRecordNo
 0001:0009E406       DbiSetToSeqNo
 0001:0009DE84       DbiSortTable
 0001:0009D71C       DbiSQLTextToCanEx
 0001:0009E586       DbiStartSession
 0001:0009E436       DbiSwitchToIndex
 0001:0009E3B8       DbiTimeDecode
 0001:0009E3BE       DbiTimeEncode
 0001:0009E3AC       DbiTimeStampDecode
 0001:0009E3B2       DbiTimeStampEncode
 0001:0009DA1C       DbiTranslateField
 0001:0009DA22       DbiTranslateRecordStructure
 0001:0009E4DE       DbiTruncateBlob
 0001:0009DEDE       DbiUndeleteRecord
 0001:0009E5E6       DbiUnlinkDetail
 0001:0009E35E       DbiUseIdleTime
 0001:0009DA0A       DbiValidateProp
 0001:0009E400       DbiVerifyField
 0001:0009E5FE       DbiWriteBlock
 0001:000A04F8       DBLogDlg
 0001:000A0118       DBPWDlg
 0001:000AEF90       DBTables
 0001:00081ADC       DBUseRightToLeftAlignment
 0002:0000040C       DDBsOnly
 0001:00045774       DeallocateHWnd
 0002:00000008       DebugHook
 0002:000034FB       DecimalSeparator
 0001:00009498       DecodeDate
 0001:00009180       DecodeTime
 0001:0000084C       Decommit
 0001:00000E68       DecommitFree
 0002:00003468       decommittedRoot
 0001:000480C8       Default
 0001:0004D5D8       Default
 0002:00000000       Default8087CW
 0002:00000CF4       DefaultBlank
 0002:00000798       DefaultDockTreeClass
 0002:00000DD0       DefaultFieldClasses
 0001:000A260C       DefaultSession
 0001:0005AF04       DefaultTreeViewSort
 0002:00000610       DefBrushData
 0002:000003E0       DefFontData
 0001:00006700       DefFrameProc
 0002:00000244       DefLongDayNames
 0002:000001F8       DefLongMonthNames
 0001:00006708       DefMDIChildProc
 0002:000005F0       DefPenData
 0002:00000228       DefShortDayNames
 0002:000001C8       DefShortMonthNames
 0001:00006710       DefWindowProc
 0001:00000508       DeleteBlock
 0001:000061E8       DeleteCriticalSection
 0001:00000478       DeleteCriticalSection
 0001:00006490       DeleteDC
 0001:00006498       DeleteEnhMetaFile
 0001:00000CB0       DeleteFree
 0001:00006718       DeleteMenu
 0001:000064A0       DeleteObject
 0001:00095AB4       DeletePrompt
 0001:0001DED0       DeselectBitmap
 0001:00006720       DestroyCursor
 0001:00006728       DestroyIcon
 0001:00068C54       DestroyLocals
 0001:00006730       DestroyMenu
 0001:00006738       DestroyWindow
 0002:00003990       dia
 0001:00054598       Dialogs
 0002:0000064C       DIBPalSizes
 0002:00000058       dig
 0002:00001054       Direction
 0001:00045360       DisableTaskWindows
 0001:000695B8       DispatchInvoke
 0001:00069B34       DispatchInvokeError
 0001:00006740       DispatchMessage
 0001:0004B364       DispatchShortCut
 0001:00069B50       DispCall
 0001:00069C38       DispCallByID
 0002:00000018       DispCallByIDProc
 0001:00069A60       DispCallError
 0001:0006F488       DisposeMem
 0001:00007C40       DivMod
 0001:00053AA8       Dlgs
 0001:000A2E88       DLLDetachCallBack
 0001:000322A8       DoAlign
 0001:0004C9E0       DoAlign
 0001:0007A724       DoBindFields
 0001:0008AF94       DoCalc
 0001:000361A8       DoCalcConstraints
 0001:0008AFFC       DoCalcRightToLeft
 0001:0008B768       DoChange
 0002:00003784       DockSiteList
 0001:00041704       DoClick
 0001:0008A10C       DoColWidths
 0001:00033774       DoControlMsg
 0001:00045310       DoDisableWindow
 0001:0002DA20       DoDragOver
 0001:00009218       DoEncodeDate
 0001:00009098       DoEncodeTime
 0001:00007CF4       DoExitProc
 0001:00037D14       DoFindControlZone
 0001:0004544C       DoFindWindow
 0001:00038278       DoFindZone
 0001:00037D98       DoForEach
 0001:0003960C       DoGetNextLimit
 0001:000452D8       DoneApplication
 0001:0003A268       DoneControls
 0001:0000BA48       DoneExceptions
 0001:00049844       DoNestedActivation
 0001:0004C830       DoPosition
 0001:00031F0C       DoPosition
 0001:00038C8C       DoPrune
 0001:000515E8       DoRect
 0001:0008A150       DoRowHeights
 0001:0003913C       DoSaveZone
 0001:000956F4       DoSelection
 0001:00039340       DoSetNewBounds
 0001:00089BB8       DoSizeAdjust
 0002:0000037C       DotSep
 0001:0008CE30       DoUpdate
 0002:00000CD0       DownMessage
 0002:00000D90       DownStyles
 0001:000116E0       DoWrite
 0001:0003C64C       DoWrite
 0001:00030C58       DoWrite
 0001:0001D01C       DoWrite
 0001:0001C2F0       DoWrite
 0001:0004BCB4       DoWriteHeight
 0001:0004BC4C       DoWriteHorizontalOffset
 0001:0004BC80       DoWriteVerticalOffset
 0001:0004BC24       DoWriteWidth
 0002:00003768       DragCapture
 0002:0000375C       DragControl
 0001:0002E16C       DragDone
 0001:0002D9D0       DragFindTarget
 0001:0002D9A4       DragFindWindow
 0002:00003764       DragFreeObject
 0002:00003780       DragImageList
 0001:0002DDC4       DragInit
 0001:0002DF34       DragInitControl
 0001:0002D928       DragMessage
 0002:00003760       DragObject
 0002:00003774       DragSaveCursor
 0002:0000376C       DragStartPos
 0002:00000C84       DragStyles
 0002:00003778       DragThreshold
 0001:0002DAF0       DragTo
 0001:0004D614       DrawAppIcon
 0001:0008A4F8       DrawAxisLines
 0002:000038F0       DrawBitmap
 0001:0008A740       DrawCells
 0001:000387F0       DrawCloseButton
 0001:00006748       DrawEdge
 0001:00006750       DrawFocusRect
 0001:00006758       DrawFrameControl
 0001:00038848       DrawGrabberLine
 0001:00006760       DrawIcon
 0001:00006768       DrawIconEx
 0002:000008C8       DrawingStyles
 0001:0008A6B0       DrawLines
 0001:00006770       DrawMenuBar
 0001:000429DC       DrawMenuItem
 0001:00006778       DrawText
 0001:00094AA8       DrawTitleCell
 0001:0009D70A       DsProviderGetDataPacket
 0001:0009D704       DsResolver
 0001:0001B130       DupBits
 0001:0000499C       DynArrayClear
 0001:000049A4       DynArraySetLength
 0001:000A3470       EDBEngineError.Create
 0001:000A378C       EDBEngineError.Destroy
 0001:000A37E0       EDBEngineError.GetError
 0002:000009AC       EdgeStyle
 0002:00000880       EdgeStyles
 0002:00000C74       EditStyles
 0001:0000B44C       EHeapException.FreeInstance
 0002:00003972       elanio
 0002:00003974       eldia
 0002:00003970       elmes
 0002:000006DC       Empty
 0001:00006780       EmptyClipboard
 0002:00003414       EmptyParam
 0002:0000011C       EmptyStr
 0001:00006788       EnableMenuItem
 0002:00000944       Enables
 0001:00006790       EnableScrollBar
 0001:00045414       EnableTaskWindows
 0001:00006798       EnableWindow
 0001:000092E0       EncodeDate
 0001:00009108       EncodeTime
 0001:00010114       EndGlobalLoading
 0001:000067A0       EndPaint
 0002:00001DE0       EndType
 0001:000061F0       EnterCriticalSection
 0001:00000468       EnterCriticalSection
 0001:000061F8       EnumCalendarInfoA
 0001:000067A8       EnumClipboardFormats
 0002:000036DC       EnumDisplayMonitors
 0001:0000AC58       EnumEraNames
 0001:0000AC94       EnumEraYearOffsets
 0001:0004BF78       EnumMonitorsProc
 0001:000067B0       EnumThreadWindows
 0001:0001353C       EnumValue
 0001:000067B8       EnumWindows
 0001:000692E8       EOleException.Create
 0001:00069218       EOleSysError.Create
 0001:000067C0       EqualRect
 0001:000B2B2C       equipos2
 0002:000035C0       EraNames
 0001:0000A348       EraToYear
 0002:000035DC       EraYearOffsets
 0002:00000050       errCaption
 0001:0009BE98       ErrCat
 0001:0003DA84       Error
 0001:0000182C       Error
 0001:00012E24       Error
 0001:00071264       Error
 0002:00003040       ErrorAddr
 0001:0000B4F8       ErrorHandler
 0002:00000260       ErrorMap
 0002:00003004       ErrorProc
 0001:0006F234       EUpdateError.Create
 0001:0006F2D8       EUpdateError.Destroy
 0002:00000F2C       Events
 0001:0000AFF4       ExceptAddr
 0002:00003008       ExceptClsProc
 0001:0000B96C       ExceptHandler
 0001:0000B278       Exception.Create
 0001:0000B2B4       Exception.CreateFmt
 0001:0000B404       Exception.CreateHelp
 0001:0000B334       Exception.CreateRes
 0001:0000B370       Exception.CreateResFmt
 0002:00003010       ExceptionClass
 0001:0000B018       ExceptionErrorMessage
 0002:00000298       ExceptMap
 0001:0000AFDC       ExceptObject
 0002:0000300C       ExceptObjProc
 0002:00003000       ExceptProc
 0001:000064A8       ExcludeClipRect
 0002:00003038       ExitCode
 0001:000029F8       ExitDll
 0002:0000303C       ExitProc
 0001:000002DC       ExitProcess
 0002:00000190       ExitProcList
 0001:000064B0       ExtCreatePen
 0001:00053A70       ExtCtrls
 0002:0000076C       ExtendSelects
 0001:0006F5D4       ExtractFieldName
 0001:00008454       ExtractFileExt
 0001:0000841C       ExtractFileName
 0002:00001DF8       Exts
 0001:000064B8       ExtTextOut
 0001:00006200       FatalAppExitA
 0002:00003744       FClipboard
 0002:00000F00       FConst10
 0002:0000393C       FCSect
 0002:00003980       FEquipos
 0001:00096020       FieldIsMapped
 0002:00000E60       FieldTypeNames
 0001:00008290       FileAge
 0001:00008288       FileClose
 0001:00008200       FileCreate
 0001:000082F8       FileExists
 0002:00000644       FileFormats
 0002:0000304A       FileMode
 0001:000081C0       FileOpen
 0001:00008224       FileRead
 0002:00000384       FilerSignature
 0001:0000827C       FileSeek
 0001:00006208       FileTimeToDosDateTime
 0001:00006210       FileTimeToLocalFileTime
 0001:00008250       FileWrite
 0001:00000D98       FillAfterGap
 0001:00000D44       FillBeforeGap
 0001:0008A4A4       FillDWord
 0001:00000E30       FillerSizeAfterGap
 0001:00000DC0       FillerSizeBeforeGap
 0001:000067C8       FillRect
 0002:00000D98       FillStyles
 0001:00005EBC       Finalization
 0001:00021F90       Finalization
 0001:00021C6C       Finalization
 0001:00021C34       Finalization
 0001:00021BFC       Finalization
 0001:00021BB4       Finalization
 0001:00021B74       Finalization
 0001:000213E8       Finalization
 0001:00020FE4       Finalization
 0001:00020C88       Finalization
 0001:00068CEC       Finalization
 0001:00068FE4       Finalization
 0001:00069034       Finalization
 0001:00069D8C       Finalization
 0001:00018000       Finalization
 0001:000AEF18       Finalization
 0001:0007D1E0       Finalization
 0001:000B03F8       Finalization
 0001:00088690       Finalization
 0001:00065CB4       Finalization
 0001:00063224       Finalization
 0001:000B28E4       Finalization
 0001:0002A4DC       Finalization
 0001:0002AA7C       Finalization
 0001:0002AC34       Finalization
 0001:000A05E0       Finalization
 0001:000B291C       Finalization
 0001:0000E3C4       Finalization
 0001:000A04C8       Finalization
 0001:000A00E8       Finalization
 0001:0009FBCC       Finalization
 0001:0009FB64       Finalization
 0001:00098970       Finalization
 0001:000989A8       Finalization
 0001:0003A3E8       Finalization
 0001:0003B250       Finalization
 0001:0009BE60       Finalization
 0001:0003CB88       Finalization
 0001:000070F8       Finalization
 0001:00006DE8       Finalization
 0001:00006DB0       Finalization
 0001:000550C8       Finalization
 0001:00055040       Finalization
 0001:000545B4       Finalization
 0001:0005453C       Finalization
 0001:00053A78       Finalization
 0001:00053A40       Finalization
 0001:0004F694       Finalization
 0001:0004F65C       Finalization
 0001:0004F624       Finalization
 0001:0004F5EC       Finalization
 0001:0000DAA8       Finalization
 0001:0000D468       Finalization
 0001:0004F5B4       Finalization
 0001:0000D698       Finalization
 0001:0004F57C       Finalization
 0001:0004F508       Finalization
 0001:00042CC8       Finalization
 0001:0008F0E0       Finalization
 0001:00006158       Finalization
 0001:00004994       FinalizeArray
 0001:00041518       Find
 0001:000158F0       FindAncestor
 0001:00004C00       FindBS
 0001:000625FC       FindButton
 0001:0000FAD4       FindClass
 0001:00004BD4       FindClassHInstance
 0001:00006218       FindClose
 0001:000002EC       FindClose
 0001:00000D14       FindCommitted
 0001:0002CBCC       FindControl
 0001:00038480       FindControlAtPos
 0001:0002E418       FindDragTarget
 0001:00013D8C       FindExistingComponent
 0001:000002F4       FindFirstFile
 0001:00006228       FindFirstFile
 0001:00006220       FindFirstFileA
 0002:0000361C       FindGlobalComponent
 0001:00045558       FindGlobalComponent
 0001:00004BAC       FindHInstance
 0001:0000FEF8       FindIdentToInt
 0001:0000FE74       FindIntToIdent
 0002:00003820       FindMsg
 0001:000130D8       FindNestedComponent
 0001:0003DA50       FindPopupControl
 0001:00006230       FindResource
 0001:00004BDC       FindResourceHInstance
 0001:0004EEB8       FindScanline
 0001:000454B0       FindTopMostWindow
 0001:00014C5C       FindUniqueName
 0001:0002E3E4       FindVCLWindow
 0001:000067D0       FindWindow
 0001:0000287C       FInitUnits
 0001:0001E2C8       FixupBitFields
 0002:000009BC       Flags
 0002:00003608       FLanguages
 0001:00021FC0       FlatSB
 0002:00003704       FlatSB_EnableScrollBar
 0002:00003710       FlatSB_GetScrollInfo
 0002:00003714       FlatSB_GetScrollPos
 0002:0000370C       FlatSB_GetScrollRange
 0002:0000371C       FlatSB_SetScrollInfo
 0002:00003718       FlatSB_SetScrollPos
 0001:00021CB0       FlatSB_SetScrollProp
 0002:00003720       FlatSB_SetScrollRange
 0002:00003708       FlatSB_ShowScrollBar
 0002:00000CE0       FlatStyles
 0002:00001D1C       FldSubTypeMap
 0002:00001CF8       FldTypeMap
 0001:0000D165       FloatToDecimal
 0001:00008D78       FloatToStr
 0001:00008DD8       FloatToStrF
 0001:0000CBC2       FloatToText
 0001:0000CE92       FloatToTextFmt
 0002:000001BC       FMSecsPerDay
 0001:00008CB0       FmtStr
 0002:000009D4       FocusCount
 0002:000009D0       FocusMessages
 0002:00000560       FontCharsets
 0002:0000369C       FontManager
 0001:0004552C       ForegroundTask
 0001:00008C9C       Format
 0002:000001C4       Format
 0001:0000883C       FormatBuf
 0001:00008830       FormatClearStr
 0001:00008EE8       FormatCurr
 0001:000087C4       FormatError
 0002:000001B4       FormatErrorStrs
 0001:00008E48       FormatFloat
 0001:00063DF4       FormatMaskText
 0001:00006238       FormatMessage
 0001:0000881C       FormatVarToStr
 0001:0004F55C       Forms
 0001:000892D0       ForwardMovement
 0001:00005960       FPower10
 0002:00000694       FPrinter
 0001:000516AC       Frame3D
 0001:000067D8       FrameRect
 0001:0000C83C       FreeAndNil
 0001:000A8DD0       FreeBuffer
 0001:00000A80       FreeCommitted
 0001:00000F88       FreeCurAlloc
 0001:0002E4D8       FreeDeviceContext
 0001:0002E594       FreeDeviceContexts
 0001:00017F8C       FreeIntConstList
 0001:00006240       FreeLibrary
 0001:000002FC       FreeLibrary
 0001:0001DE24       FreeMemoryContexts
 0001:0004569C       FreeObjectInstance
 0001:00006258       FreeResource
 0001:00000700       FreeSpace
 0001:000A2B3C       FreeStatementLocale
 0001:0000C4F0       FreeTerminateProcs
 0001:00017008       FreeThreadWindow
 0001:000A2E04       FreeTimer
 0002:00003864       FRichEditModule
 0001:0000C60C       GDAL
 0001:0001B120       GDICheck
 0001:0001B078       GDIError
 0001:000067E0       GetActiveWindow
 0001:0004CEB4       GetAnimation
 0001:00053AB8       GetAveCharSize
 0001:0006684C       GetBitBtnGlyph
 0001:000064C0       GetBitmapBits
 0001:00000480       GetBlockDesc
 0001:000064C8       GetBrushOrgEx
 0001:000067E8       GetCapture
 0001:0002CE54       GetCaptureControl
 0001:0000FA24       GetClass
 0001:000067F0       GetClassInfo
 0001:000067F8       GetClientRect
 0001:00006800       GetClipboardData
 0001:0001CAF0       GetClipboardFormats
 0001:000064D0       GetClipBox
 0001:0000041C       GetCmdShow
 0001:0003B46C       GetColor
 0001:00058A68       GetComCtlVersion
 0001:00000304       GetCommandLine
 0001:000008CC       GetCommitted
 0001:0000095C       GetCommittedAt
 0001:000166DC       GetComponentValue
 0001:000332B8       GetControlAtPos
 0001:000095F4       GetCount
 0001:00006260       GetCPInfo
 0001:00006268       GetCurrentDirectoryA
 0001:000064D8       GetCurrentPositionEx
 0001:00006270       GetCurrentProcessId
 0001:0000524C       GetCurrentThreadId
 0001:00006278       GetCurrentThreadId
 0001:00006BF8       GetCurrentTime
 0001:00006808       GetCursor
 0001:0004EEC8       GetCursorHeightMargin
 0001:00006810       GetCursorPos
 0001:00009620       GetDate
 0001:00006280       GetDateFormat
 0001:0000A26C       GetDateOrder
 0001:00006818       GetDC
 0001:00006820       GetDCEx
 0001:000064E0       GetDCOrgEx
 0001:000AA624       GetDefaultExpression
 0001:00020894       GetDefFontCharSet
 0001:00011354       GetDesigner
 0001:00006828       GetDesktopWindow
 0001:000064F8       GetDeviceCaps
 0001:0001C080       GetDIB
 0001:000064E8       GetDIBColorTable
 0001:000064F0       GetDIBits
 0001:0001BFC8       GetDIBSizes
 0001:0001B290       GetDInColors
 0001:00006288       GetDiskFreeSpaceA
 0002:0000018C       GetDiskFreeSpaceEx
 0001:000396CC       GetDockAlign
 0001:0002D77C       GetDockSiteAtPos
 0001:00006830       GetDoubleClickTime
 0001:0002DA5C       GetDropCtl
 0001:00002048       GetDynaMethod
 0001:00006500       GetEnhMetaFileBits
 0001:00006508       GetEnhMetaFileHeader
 0001:00006510       GetEnhMetaFilePaletteEntries
 0001:0000DB18       GetEnumName
 0001:0000DBF8       GetEnumNameValue
 0001:0000DC44       GetEnumValue
 0001:0000AD0C       GetEraNamesAndYearOffsets
 0001:0000A2F4       GetEraYearOffset
 0001:0000D684       GetErrorInfo
 0001:000A3400       GetErrorString
 0001:0000B6C0       GetExceptionClass
 0001:0000B8A0       GetExceptionObject
 0001:0000FAF4       GetFieldClass
 0001:0000F9AC       GetFieldClassTable
 0001:000AA49C       GetFieldConstraint
 0001:00098CC4       GetFieldInfo
 0001:0006F410       GetFieldProperty
 0001:000A2798       GetFieldSource
 0001:0001CAD0       GetFileFormats
 0001:0000028C       GetFileSize
 0001:00000284       GetFileType
 0001:00006400       GetFileVersionInfo
 0001:00006408       GetFileVersionInfoSize
 0001:0000E144       GetFloatProp
 0001:00006838       GetFocus
 0001:000199B0       GetFontData
 0001:00006840       GetForegroundWindow
 0001:0000C0B4       GetFormatSettings
 0001:000A5EE0       GetHashCode
 0001:00019004       GetHashCode
 0001:0004CCA0       GetHint
 0001:0004CCD0       GetHintControl
 0001:00042B68       GetHotkey
 0001:00006848       GetIconInfo
 0001:000698E8       GetIDsOfNames
 0001:000AE328       GetIdx
 0001:00060548       GetImageBitmap
 0001:0000E360       GetInt64Prop
 0001:000A3194       GetIntProp
 0001:00006860       GetKeyboardLayout
 0001:00006868       GetKeyboardLayoutList
 0001:00006870       GetKeyboardState
 0001:00001CD4       GetKeyboardType
 0001:00006850       GetKeyNameText
 0001:00006858       GetKeyState
 0001:00006878       GetLastActivePopup
 0001:00006290       GetLastError
 0001:0000030C       GetLastError
 0001:0000AAD0       GetLocaleChar
 0001:000062A0       GetLocaleInfo
 0001:00000314       GetLocaleInfo
 0001:0000AA84       GetLocaleStr
 0001:00006298       GetLocalTime
 0001:0002CE10       GetLongHint
 0001:0000DF20       GetLongStrProp
 0001:00006880       GetMenu
 0001:0004A1B0       GetMenuHelpContext
 0001:00006888       GetMenuItemCount
 0001:00006890       GetMenuItemID
 0001:00006898       GetMenuItemInfo
 0001:0003FE44       GetMenuSize
 0001:000068A0       GetMenuState
 0001:000068A8       GetMenuString
 0001:000068B0       GetMessageTime
 0001:0000E2E8       GetMethodProp
 0001:000062A8       GetModuleFileName
 0001:0000031C       GetModuleFileName
 0001:0000601C       GetModuleFileName
 0001:000062B8       GetModuleHandle
 0001:00000324       GetModuleHandle
 0001:00006024       GetModuleHandle
 0001:000062B0       GetModuleHandleA
 0002:000036D8       GetMonitorInfo
 0002:000036D0       GetMonitorInfoA
 0002:000036D4       GetMonitorInfoW
 0001:0000AB34       GetMonthDayNames
 0001:00006518       GetNearestColor
 0001:000068B8       GetNextWindow
 0001:00006520       GetObject
 0002:00003934       GetObjectContextProc
 0001:0000DD48       GetOrdProp
 0001:00006528       GetPaletteEntries
 0001:000A2978       GetParamData
 0001:000A28D8       GetParamDataSize
 0001:000068C0       GetParent
 0001:000458E8       GetParentForm
 0001:000AA484       GetPChar
 0001:000A2628       GetPChar
 0001:00098B54       GetPChar
 0001:00006530       GetPixel
 0001:000062C0       GetProcAddress
 0001:0000032C       GetProcAddress
 0001:000068C8       GetProp
 0001:0000DC58       GetPropInfo
 0001:0000DCC4       GetPropInfos
 0001:00045DA8       GetRealScrollPosition
 0001:0003B44C       GetRGBColor
 0001:00006538       GetRgnBox
 0001:000068D0       GetScrollInfo
 0001:000068D8       GetScrollPos
 0001:000068E0       GetScrollRange
 0001:0002CDCC       GetShortHint
 0001:0000DE18       GetShortStrProp
 0001:0000DEB0       GetShortStrPropAsLongStr
 0001:00000624       GetSpace
 0001:00000688       GetSpaceAt
 0001:0003DADC       GetSpecialName
 0001:00000334       GetStartupInfo
 0001:000A6030       GetStatementHandle
 0001:000A2AF8       GetStatementLocale
 0001:00000294       GetStdHandle
 0001:000A5F4C       GetStmtInfo
 0001:00006540       GetStockObject
 0001:0000E0D8       GetStrProp
 0001:000068E8       GetSubMenu
 0001:000068F0       GetSysColor
 0001:000062C8       GetSystemInfo
 0001:000068F8       GetSystemMenu
 0002:000036C0       GetSystemMetrics
 0001:00006900       GetSystemMetrics
 0001:00006548       GetSystemPaletteEntries
 0001:000AA598       GetTableConstraint
 0001:00006558       GetTextExtentPoint
 0001:00006550       GetTextExtentPoint32
 0001:00006560       GetTextMetrics
 0001:0000033C       GetThreadLocale
 0001:000062D0       GetThreadLocale
 0001:000062D8       GetTickCount
 0001:00009658       GetTime
 0001:0004D3C4       GetTopMostWindows
 0001:0002CF5C       GetTopParent
 0001:00006908       GetTopWindow
 0001:0000DB0C       GetTypeData
 0001:00004428       GetVarArray
 0001:0000E268       GetVariantProp
 0001:000062E0       GetVersion
 0001:000062E8       GetVersionEx
 0001:0000DFB4       GetWideStrProp
 0001:0000E034       GetWideStrPropAsLongStr
 0001:00006910       GetWindow
 0001:00006918       GetWindowDC
 0001:00006920       GetWindowLong
 0001:00006570       GetWindowOrgEx
 0001:00006928       GetWindowPlacement
 0001:00006930       GetWindowRect
 0001:00006938       GetWindowText
 0001:00006940       GetWindowThreadProcessId
 0001:00006568       GetWinMetaFileBits
 0001:000062F0       GlobalAddAtom
 0001:000062F8       GlobalAlloc
 0001:00006C04       GlobalAllocPtr
 0001:00006300       GlobalDeleteAtom
 0002:00003630       GlobalFixupList
 0001:00013220       GlobalFixupReferences
 0001:00006308       GlobalFree
 0001:00006C30       GlobalFreePtr
 0001:00006318       GlobalHandle
 0001:00006310       GlobalLock
 0002:00003618       GlobalNameSpace
 0001:00006320       GlobalReAlloc
 0001:00006C14       GlobalReAllocPtr
 0001:00006328       GlobalUnlock
 0002:00000D88       GlyphCache
 0001:00020D5C       Graphics
 0001:00088C58       GridRect
 0001:0008F110       Grids
 0002:00000364       GUID_NULL
 0001:00014454       HandleException
 0001:00025B58       HasPopup
 0002:00000004       HeapAllocFlags
 0002:00003434       heapErrorCode
 0002:00003438       heapLock
 0002:0000381C       HelpMsg
 0002:00000188       HexDisplayPrefix
 0002:00000C7C       HideSelections
 0002:000006CC       HideSelections
 0002:000034DC       HInstance
 0002:000037EC       HintDoneEvent
 0001:0004CDA0       HintGetMsgHook
 0002:000037F0       HintHook
 0001:0004CD44       HintMouseThread
 0002:000037F4       HintThread
 0002:000037E8       HintThreadID
 0001:0004CCF0       HintTimerProc
 0002:000009CC       HintWindowClass
 0001:00006BF4       HiWord
 0001:0004CDE4       HookHintHooks
 0002:00000CA4       HotTrackStyles
 0002:0000397A       hoyanio
 0002:00003978       hoydia
 0002:00003976       hoymes
 0001:00006CB8       HwndMSWheel
 0002:00000960       IBreaks
 0002:0000096C       IChecks
 0002:00000B38       IconIDs
 0002:00000974       IDefaults
 0001:000199A0       IdentToCharset
 0001:00019798       IdentToColor
 0001:0002CDBC       IdentToCursor
 0001:0000FF7C       IdentToInt
 0002:0000097C       IEnables
 0001:00040B44       IfHotkeyAvailable
 0001:000210D0       ImageList_Add
 0001:000210F0       ImageList_AddIcon
 0001:00021120       ImageList_BeginDrag
 0001:000210B8       ImageList_Create
 0001:000210C0       ImageList_Destroy
 0001:00021130       ImageList_DragEnter
 0001:00021138       ImageList_DragLeave
 0001:00021140       ImageList_DragMove
 0001:00021150       ImageList_DragShowNolock
 0001:00021100       ImageList_Draw
 0001:00021110       ImageList_DrawEx
 0001:00021128       ImageList_EndDrag
 0001:000210E8       ImageList_GetBkColor
 0001:00021158       ImageList_GetDragImage
 0001:00021170       ImageList_GetIconSize
 0001:000210C8       ImageList_GetImageCount
 0001:00021160       ImageList_Read
 0001:00021118       ImageList_Remove
 0001:00021108       ImageList_Replace
 0001:000210D8       ImageList_ReplaceIcon
 0001:000210E0       ImageList_SetBkColor
 0001:00021148       ImageList_SetDragCursorImage
 0001:00021178       ImageList_SetIconSize
 0001:00021168       ImageList_Write
 0002:000008D8       Images
 0001:0003CBB8       ImgList
 0001:00021BE4       Imm
 0002:000008B4       IMM32DLL
 0001:0003A1F8       Imm32GetContext
 0001:0003A254       Imm32IsIME
 0001:0003A20C       Imm32ReleaseContext
 0001:0003A23C       Imm32SetCompositionFont
 0001:0003A224       Imm32SetCompositionWindow
 0002:000001C0       IMSecsPerDay
 0001:00088CF8       Includes
 0001:000210FC       IndexToOverlayMask
 0001:00021180       IndexToStateImageMask
 0001:00006948       InflateRect
 0002:00001BDC       INFO_IDAPI32
 0001:00000B0C       InitAllocator
 0001:00021420       InitAnApi
 0002:000036E8       InitApis
 0001:00021024       InitComCtl
 0001:00058A3C       InitCommonControl
 0001:0002101C       InitCommonControls
 0001:00021084       InitCommonControlsEx
 0001:00069D14       InitComObj
 0001:00010188       InitComponent
 0002:000034A4       InitContext
 0001:0003A2DC       InitControls
 0001:000455D8       InitCtl3D
 0001:000AEEF4       InitDBTables
 0001:000208D8       InitDefFontData
 0002:00000CF0       InitDone
 0001:0000C68C       InitDriveSpacePtr
 0001:0000B97C       InitExceptions
 0001:00021D0C       InitFlatSB
 0001:000543E8       InitGlobals
 0001:0001BE80       InitializeBitmapInfoHeader
 0001:00006330       InitializeCriticalSection
 0001:00000460       InitializeCriticalSection
 0002:00003430       initialized
 0001:00021CE4       InitializeFlatSB
 0001:000060D8       InitializeModule
 0001:00039DF0       InitIMM32
 0001:00010230       InitInheritedComponent
 0001:00021B08       InitMultiMonStubs
 0001:0000BAB4       InitPlatformId
 0002:00003034       InitProc
 0001:0002085C       InitScreenLogPixels
 0001:0000BFFC       InitSysLocale
 0001:00006044       InitThreadTLS
 0001:00062978       InitToolMenuHooks
 0001:00062A68       InitToolMenuKeyHooks
 0001:000028DC       InitUnits
 0001:0002CB14       InitWndProc
 0002:00000BD0       InnerStyles
 0002:00000860       InnerStyles
 0002:00003050       Input
 0001:0004C7D0       InsertBefore
 0001:00031EAC       InsertBefore
 0001:00000F00       InsertFree
 0001:00040BF8       InsertHotkeyFarEastFormat
 0001:00006950       InsertMenu
 0001:00006958       InsertMenuItem
 0002:000037E0       InstBlockList
 0002:000037E4       InstFreeList
 0002:0000362C       IntConstList
 0002:00000774       IntegralHeights
 0001:00000414       InterlockedDecrement
 0001:00006248       InterlockedDecrement
 0001:0000040C       InterlockedIncrement
 0001:00006250       InterlockedIncrement
 0001:00009354       InternalDecodeDate
 0001:00018F90       InternalDeletePalette
 0001:00000D74       InternalFreeMem
 0001:0001BFD0       InternalGetDIB
 0001:0001BF64       InternalGetDIBSizes
 0001:00010000       InternalReadComponentRes
 0001:00006578       IntersectClipRect
 0001:00006960       IntersectRect
 0001:0000FFBC       IntToIdent
 0001:0000813C       IntToStr
 0001:00006968       InvalidateRect
 0001:0001B000       InvalidBitmap
 0001:0001AFE8       InvalidGraphic
 0001:0001B00C       InvalidIcon
 0001:0001B018       InvalidMetafile
 0001:00088C40       InvalidOp
 0001:0001AFD0       InvalidOperation
 0002:00003604       InvalidPointer
 0001:00001F00       InvokeImplGetter
 0001:000018E4       IOResult
 0002:0000099C       IOwnerDraw
 0002:00000984       IRadios
 0002:00000994       IRTL
 0001:00045878       IsAccel
 0001:00041CB8       IsAccelChar
 0001:0002D534       IsBeforeTargetWindow
 0001:00006970       IsCharAlpha
 0001:00006978       IsCharAlphaNumeric
 0001:00006980       IsChild
 0002:00003048       IsConsole
 0001:00006338       IsDBCSLeadByte
 0001:0001655C       IsDefault
 0001:0001664C       IsDefault
 0001:000164C4       IsDefaultValue
 0001:000169C0       IsDefaultValue
 0001:00016420       IsDefaultValue
 0001:00016AF8       IsDefaultValue
 0001:000162FC       IsDefaultValue
 0001:0002D980       IsDelphiHandle
 0001:00006988       IsDialogMessage
 0001:000A3148       IsDirectory
 0002:0000098C       ISeparators
 0001:0000D65C       IsEqualIID
 0001:00006990       IsIconic
 0001:00041D14       IsInitialChar
 0001:0009A3FC       IsKatakana
 0001:0006547C       IsKatakana
 0001:000091DC       IsLeapYear
 0002:00003028       IsLibrary
 0001:00078258       IsLiteral
 0001:00063A5C       IsLiteralChar
 0001:00062E28       IsMenuBar
 0002:00003049       IsMultiThread
 0001:00098DEC       IsNumeric
 0001:0000BD70       IsPathDelimiter
 0001:00006998       IsRectEmpty
 0001:0002D738       IsSiteChildOfClient
 0001:0000DD18       IsStoredProp
 0001:00098E08       IsTemporal
 0001:00062070       IsToolButtonMouseMsg
 0001:000080D8       IsValidIdent
 0001:000069A0       IsWindow
 0001:000069A8       IsWindowEnabled
 0001:000069B0       IsWindowVisible
 0001:000069B8       IsZoomed
 0001:0003DEA8       Iterate
 0001:0003DF08       IterateMenus
 0002:0000000C       JITEnable
 0001:0004582C       KeyboardStateToShiftState
 0001:000457F0       KeyDataToShiftState
 0001:0004579C       KeysToShiftState
 0001:00090500       KillMessage
 0001:000069C0       KillTimer
 0001:00008338       LastDelimiter
 0002:0000387C       LastMenuItem
 0002:00003880       LastMousePos
 0002:00000168       LeadBytes
 0001:00000470       LeaveCriticalSection
 0001:00006340       LeaveCriticalSection
 0001:0008935C       LeftSide
 0002:0000001C       LibModuleList
 0001:0008BD74       LinePos
 0002:00000C5C       LineStyles
 0001:00006580       LineTo
 0001:0002E460       ListAdd
 0001:0002E488       ListRemove
 0002:000035F8       ListSeparator
 0002:00000CD8       ListStyles
 0001:000069C8       LoadBitmap
 0001:000693B4       LoadComExProcs
 0001:000069D0       LoadCursor
 0001:00078E88       LoadFromBitmap
 0001:00078EE8       LoadFromStrings
 0001:000069D8       LoadIcon
 0001:000069E0       LoadKeyboardLayout
 0001:00006350       LoadLibrary
 0001:00006348       LoadLibraryA
 0001:00000344       LoadLibraryEx
 0001:00006358       LoadResource
 0001:00004DBC       LoadResourceModule
 0001:00005124       LoadResString
 0001:0000034C       LoadString
 0001:000069E8       LoadString
 0001:0000602C       LocalAlloc
 0001:00000440       LocalAlloc
 0001:00000448       LocalFree
 0001:0000AAF8       LocalGetLocaleStr
 0001:00006360       LockResource
 0001:000A0350       LoginDialogEx
 0002:00003504       LongDateFormat
 0002:00003598       LongDayNames
 0002:0000354C       LongMonthNames
 0001:000890EC       LongMulDiv
 0002:00003518       LongTimeFormat
 0001:0007165C       LookupStored
 0001:00007D94       LowerCase
 0001:000063F0       lstrcmp
 0001:00000354       lstrcpy
 0001:000063F8       lstrcpy
 0001:0000035C       lstrcpyn
 0001:00000364       lstrlen
 0002:00003020       MainInstance
 0002:00003024       MainThreadID
 0001:000004D0       MakeEmpty
 0001:000029A8       MakeErrorMessage
 0002:000008A0       MakeLast
 0001:00006BE8       MakeLong
 0001:00006C7C       MakeLParam
 0001:00045604       MakeObjectInstance
 0001:00006C44       MakeROP4
 0001:0000B640       MapException
 0001:000026F8       MapToRunError
 0001:000069F0       MapVirtualKey
 0001:000069F8       MapWindowPoints
 0001:00065CE4       Mask
 0002:000008C0       Mask
 0001:00006588       MaskBlt
 0001:000636C0       MaskDoFormatText
 0002:00000CF8       MaskFieldSeparator
 0001:000634D0       MaskGetCharType
 0001:00063624       MaskGetCurrentDirectives
 0001:0006395C       MaskGetMaskBlank
 0001:000638DC       MaskGetMaskSave
 0001:000636A0       MaskIntlLiteralToChar
 0002:00000CFC       MaskNoSave
 0001:000639C8       MaskOffsetToOffset
 0001:00021C2C       Math
 0001:00053AB0       Max
 0001:00021BF4       Max
 0001:0008C0F8       Max
 0001:00048114       MaximizedChildren
 0001:00096304       MeasureTitleHeights
 0002:00000024       MemoryManager
 0002:00003988       MenuArtiItem
 0002:00003878       MenuButtonIndex
 0002:000008F4       MenuKeyCaps
 0001:00042D38       Menus
 0002:00003984       MenUsuItem
 0002:00003870       MenuToolBar
 0002:00003874       MenuToolBar2
 0001:00000520       MergeBlockAfter
 0001:00000FD4       MergeCommit
 0002:0000398E       mesactual
 0001:00006A00       MessageBeep
 0001:00006A08       MessageBox
 0001:000002E4       MessageBox
 0001:00054314       MessageDlg
 0001:00054334       MessageDlgPosHelp
 0001:00006E18       Messages
 0001:00039604       Min
 0001:00021BEC       Min
 0001:00010A54       Min
 0001:0008C0D0       Min
 0001:0008B6FC       MinRedraw
 0001:000317D8       MinVar
 0002:000036F0       MMAvailable
 0002:00000BA4       ModalResults
 0002:000008B8       ModeMap
 0001:00088F54       ModifyExtents
 0001:0008C300       ModifyPixelScrollBar
 0001:00049BBC       ModifySystemMenu
 0001:00054DFC       ModifySystemMenu
 0002:00000104       Module
 0002:000034D1       ModuleIsCpp
 0002:000034D0       ModuleIsLib
 0001:00017FF8       ModuleUnload
 0002:00000020       ModuleUnloadList
 0002:000036CC       MonitorFromPoint
 0002:000036C8       MonitorFromRect
 0002:000036C4       MonitorFromWindow
 0002:00000138       MonthDays
 0002:0000374C       Mouse
 0001:000018FC       Move
 0001:00089060       MoveExtent
 0001:00006590       MoveToEx
 0001:0002E4A8       MoveWindowOrg
 0001:00009070       MSecsToTimeStamp
 0001:00006368       MulDiv
 0001:0000036C       MultiByteToWideChar
 0001:00006370       MultiByteToWideChar
 0002:0000077C       MultiColumns
 0001:00021BA4       MultiMon
 0002:00000764       MultiSelects
 0001:00078230       NameDelimiter
 0001:000A30B4       NativeToAnsi
 0001:000A3118       NativeToAnsiBuf
 0001:0007AE88       NativeToDateTime
 0001:000A6848       NeedsDBAlias
 0002:000038DC       NeedToUninitialize
 0002:0000395C       NeedToUninitialize
 0002:000034F9       NegCurrFormat
 0001:00001060       NewCommit
 0001:0000108C       NewCommitAt
 0002:00000DA0       NewState
 0002:00003750       NewStyleControls
 0001:000A264C       NextItem
 0001:00098B78       NextItem
 0001:0009588C       NextRow
 0002:00000388       NilMethod
 0002:00000010       NoErrMsg
 0002:0000396C       Nombreindice
 0001:0003EBD4       NormalDraw
 0001:000022B0       NotifyAnyExcept
 0001:000113EC       NotifyDesigner
 0001:0007B320       NotifyDetails
 0001:00002288       NotifyExcept
 0001:000022E4       NotifyExceptFinally
 0001:000100E4       NotifyGlobalLoading
 0001:00005048       NotifyModuleUnload
 0001:00002268       NotifyNonDelphiException
 0001:0000229C       NotifyOnExcept
 0001:0000224C       NotifyReRaise
 0001:0000230C       NotifyTerminate
 0001:00002328       NotifyUnhandled
 0001:000094E0       Now
 0001:000416F4       NthParentOf
 0002:00003404       Null
 0002:000006D4       OEMConverts
 0001:00006A10       OemToAnsi
 0001:00006A18       OemToChar
 0001:00006A20       OemToCharBuff
 0001:00006A28       OffsetRect
 0001:00063A00       OffsetToMaskOffset
 0001:00081AB0       OkToChangeFieldAlignment
 0001:0006939C       OleCheck
 0001:00069380       OleError
 0001:0000381C       OleStrToStrVar
 0002:000038D0       OleUninitializing
 0001:00003FD0       OleVarFromAny
 0001:00006A30       OpenClipboard
 0001:00006378       OpenFileMapping
 0002:00001DE8       OpenModes
 0002:00001DAC       OpenModes
 0002:00001088       Operators
 0002:00001090       Operators
 0002:00001094       Operators
 0002:0000007C       OpTypeMap
 0002:00000898       OrientArray
 0001:0009DF68       OsLdAnsiCharToOem
 0001:0009DF80       OsLdAnsiToOem
 0001:0009DAF4       OsLdBuildCharSetXform
 0001:0009DF44       OsLdCharToLower
 0001:0009DF4A       OsLdCharToUpper
 0001:0009DFE0       OsLdExit
 0001:0009DC32       OsLdExStrCmp
 0001:0009DF8C       OsLdGetCodePage
 0001:0009DFE6       OsLdGetDefaultObj
 0001:0009DF3E       OsLdGetDescName
 0001:0009DC44       OsLdGetDriverId
 0001:0009DF86       OsLdGetFName
 0001:0009DC86       OsLdGetFuncAddrLdStrnCmpi_
 0001:0009DCC8       OsLdGetFuncAddrLdStrnColli_
 0001:0009DCC2       OsLdGetFuncAddrLdStrnColl_
 0001:0009DF14       OsLdGetMinMax
 0001:0009DF1A       OsLdGetProductID
 0001:0009DF92       OsLdGetSortsig
 0001:0009DF98       OsLdGetSymbName
 0001:0009DFEC       OsLdInit
 0001:0009DF56       OsLdIsAlpha
 0001:0009DF74       OsLdIsAnsiCharInOemCp
 0001:0009DF50       OsLdIsDigit
 0001:0009DF6E       OsLdIsOemCharInAnsiCp
 0001:0009DC3E       OsLdLoadByDriverId
 0001:0009DFD4       OsLdLoadByFName
 0001:0009DF26       OsLdLoadByLCID
 0001:0009DFDA       OsLdLoadBySortSig
 0001:0009DFCE       OsLdLoadBySymbName
 0001:0009DF62       OsLdOemCharToAnsi
 0001:0009DF7A       OsLdOemToAnsi
 0001:0009DF20       OsLdSearchEnd
 0001:0009DF38       OsLdSearchInit
 0001:0009DF32       OsLdSearchNext
 0001:0009DF0E       OsLdSetConvChars
 0001:0009DFC2       OsLdStrCmp
 0001:0009DFB0       OsLdStrCmpi
 0001:0009DFC8       OsLdStrnCmp
 0001:0009DFAA       OsLdStrnCmpi
 0001:0009DC2C       OsLdStrnColl
 0001:0009DC0E       OsLdStrnColli
 0001:0009DFB6       OsLdStrnToLower
 0001:0009DF9E       OsLdStrnToUpper
 0001:0009DFBC       OsLdStrToLower
 0001:0009DFA4       OsLdStrToUpper
 0001:0009DF5C       OsLdUnloadObj
 0002:00000870       OuterStyles
 0002:00000BDC       OuterStyles
 0002:00003600       OutOfMemory
 0001:0001B024       OutOfResources
 0002:0000321C       Output
 0001:00063C1C       PadInputLiterals
 0001:00063A84       PadSubField
 0001:0008C174       PageDown
 0001:0008C114       PageUp
 0001:0002A08C       PaintListBox
 0002:00000654       Pal16
 0001:00019374       PaletteChanged
 0001:0001B810       PaletteFromDIBColorTable
 0001:0001B8B4       PaletteToDIBColorTable
 0002:00000650       PalSize
 0001:00089288       ParentEvent
 0001:000379BC       ParentNotLast
 0001:0009FE68       PasswordDialog
 0002:000006B0       Passwords
 0001:00006598       PatBlt
 0002:000036AC       PatternManager
 0001:000B0434       Pdatos
 0001:00006A38       PeekMessage
 0002:000036A0       PenManager
 0002:00000620       PenModes
 0002:00000600       PenStyles
 0001:000065A0       PlayEnhMetaFile
 0001:0000F95C       Point
 0001:00088CC0       PointInGridRect
 0001:00006C64       PointToSmallPoint
 0001:000065B0       Polyline
 0001:000065A8       PolyPolyline
 0002:000037C4       PopupList
 0001:00098C90       PopValue
 0001:000A2764       PopValue
 0001:00006A40       PostMessage
 0001:00006A48       PostQuitMessage
 0002:00000EF0       Power10
 0001:00021CA8       Printers
 0001:00095948       PriorRow
 0001:0004B164       ProcessExecute
 0001:00045AA8       ProcessHorz
 0001:0004B264       ProcessUpdate
 0001:00045B14       ProcessVert
 0001:00013530       PropertyNotFound
 0002:00001DD4       PropFlags
 0001:00014554       PropPathError
 0002:00000A24       Props
 0001:00013524       PropValueError
 0002:00003964       proxi
 0001:00006A50       PtInRect
 0001:00088CDC       PtInRect
 0002:00003788       QualifyingSites
 0001:0000B5E8       RaiseAssertException
 0001:0000029C       RaiseException
 0001:000699C8       RaiseException
 0001:000904E8       RaiseGridError
 0001:0000C42C       RaiseLastWin32Error
 0001:00001820       RaiseList
 0001:000698B4       RaiseNameException
 0002:00003044       RandSeed
 0001:000385A0       ReadControlName
 0001:0001350C       ReadError
 0001:00006380       ReadFile
 0001:000002A4       ReadFile
 0001:0001BB60       ReadIcon
 0001:00097418       ReadOnlyField
 0002:000006B8       ReadOnlys
 0001:000147CC       ReadVariantProp
 0001:000065B8       RealizePalette
 0001:000AA8A4       ReAllocBuffers
 0001:00013B7C       Recover
 0001:0000F974       Rect
 0001:000065C8       Rectangle
 0001:000065C0       RectVisible
 0001:00006A58       RedrawWindow
 0002:000033F0       RefAnyProc
 0001:00006190       RegCloseKey
 0001:00000374       RegCloseKey
 0001:00006A60       RegisterClass
 0001:0000FBC0       RegisterClass
 0001:0000FCBC       RegisterClasses
 0001:00006A68       RegisterClipboardFormat
 0001:0002D8C8       RegisterDockSite
[...]
 0001:000AEEF4       InitDBTables
 0001:000AEF18       Finalization
 0001:000AEF90       DBTables
 0001:000AF9D4       TDatos.UsuariosAfterScroll
 0001:000AFA24       TDatos.Timer1Timer
 0001:000AFA38       TDatos.ArticulospunitValidate
 0001:000AFA94       TDatos.ArticuloscostoValidate
 0001:000AFAF0       TDatos.ControlesNewRecord
 0001:000AFB1C       TDatos.UsuariosBeforeInsert
 0001:000AFBBC       TDatos.UsuariosNewRecord
 0001:000AFBDC       TDatos.RegistroBeforeInsert
 0001:000AFC4C       TDatos.RegistroNewRecord
 0001:000AFC90       TDatos.RegistroAfterPost
 0001:000AFCF8       TDatos.LocalidadesBeforeInsert
 0001:000AFD28       TDatos.LocalidadesAfterPost
 0001:000AFD58       TDatos.ArticulosBeforeInsert
 0001:000AFD88       TDatos.ArticulosAfterCancel
 0001:000AFDB8       TDatos.RegistroAfterCancel
 0001:000AFE04       TDatos.GarantiasNewRecord
 0001:000AFE30       TDatos.GarantiasAfterPost
 0001:000AFE98       TDatos.GarantiasAfterCancel
 0001:000AFEDC       TDatos.ControlesAfterPost
 0001:000AFF44       TDatos.ControlesAfterCancel
 0001:000AFF88       TDatos.actualiza
 0001:000B02EC       TDatos.InformeNewRecord
 0001:000B03F8       Finalization
 0001:000B0434       Pdatos
 0001:000B0FA4       TFEquipos.Hacearbol
 0001:000B1288       TFEquipos.FormActivate
 0001:000B1300       TFEquipos.navBeforeAction
 0001:000B13D4       TFEquipos.navClick
 0001:000B1434       TFEquipos.PaginasChange
 0001:000B1A30       TFEquipos.arbolChange
 0001:000B1E7C       TFEquipos.arbolEnter
 0001:000B1EE0       TFEquipos.OrdenarChange
 0001:000B2168       TFEquipos.BuscadorChange
 0001:000B22F0       TFEquipos.Usuario1Click
 0001:000B2344       TFEquipos.Usuarioyarbol1Click
 0001:000B23A0       TFEquipos.ListadodeUsuarios1Click
 0001:000B240C       TFEquipos.BImprimeClick
 0001:000B2424       TFEquipos.Artculo1Click
 0001:000B2478       TFEquipos.ListadodeArtculosxordenacin1Click
 0001:000B24E4       TFEquipos.ListadoInformeClick
 0001:000B2534       TFEquipos.BRegistroClick
 0001:000B25B0       TFEquipos.BGarantiaClick
 0001:000B2610       TFEquipos.BControlClick
 0001:000B266C       TFEquipos.FormClose
 0001:000B2688       TFEquipos.actualizarClick
 0001:000B26B8       TFEquipos.mesesClick
 0001:000B28E0       TFEquipos.FormCreate
 0001:000B28E4       Finalization
 0001:000B2914       Ventana
 0001:000B291C       Finalization
 0001:000B2B2C       equipos2
 0002:00000000       Default8087CW
 0002:00000004       HeapAllocFlags
 0002:00000008       DebugHook
 0002:0000000C       JITEnable
 0002:00000010       NoErrMsg
 0002:00000014       VarDispProc
 0002:00000018       DispCallByIDProc
 0002:0000001C       LibModuleList
 0002:00000020       ModuleUnloadList
 0002:00000024       MemoryManager
 0002:00000030       runErrMsg
 0002:00000050       errCaption
 0002:00000058       dig
 0002:00000068       BaseTypeMap
 0002:0000007C       OpTypeMap
 0002:000000BC       C10000
 0002:000000C0       .
 0002:00000104       Module
 0002:0000011C       EmptyStr
 0002:00000120       Win32Platform
 0002:00000124       Win32MajorVersion
 0002:00000128       Win32MinorVersion
 0002:0000012C       Win32BuildNumber
 0002:00000130       Win32CSDVersion
 0002:00000134       TwoDigitYearCenturyWindow
 0002:00000138       MonthDays
 0002:00000168       LeadBytes
 0002:00000188       HexDisplayPrefix
 0002:0000018C       GetDiskFreeSpaceEx
 0002:00000190       ExitProcList
 0002:00000194       AccessMode
 0002:000001A0       ShareMode
 0002:000001B4       FormatErrorStrs
 0002:000001BC       FMSecsPerDay
 0002:000001C0       IMSecsPerDay
 0002:000001C4       Format
 0002:000001C8       DefShortMonthNames
 0002:000001F8       DefLongMonthNames
 0002:00000228       DefShortDayNames
 0002:00000244       DefLongDayNames
 0002:00000260       ErrorMap
 0002:00000298       ExceptMap
 0002:00000348       TerminateProcList
 0002:0000034C       AL1s
 0002:00000358       AL2s
 0002:00000364       GUID_NULL
 0002:00000374       BooleanIdents
 0002:0000037C       DotSep
 0002:00000380       C10000
 0002:00000384       FilerSignature
 0002:00000388       NilMethod
 0002:00000390       ValTtoVarT
 0002:000003E0       DefFontData
 0002:0000040C       DDBsOnly
 0002:00000410       Colors
 0002:00000560       FontCharsets
 0002:000005F0       DefPenData
 0002:00000600       PenStyles
 0002:00000610       DefBrushData
 0002:00000620       PenModes
 0002:00000640       ClipboardFormats
 0002:00000644       FileFormats
 0002:00000648       BitmapCanvasList
 0002:0000064C       DIBPalSizes
 0002:00000650       PalSize
 0002:00000654       Pal16
 0002:00000694       FPrinter
 0002:00000698       BorderStyles
 0002:000006A0       Alignments
 0002:000006A8       WordWraps
 0002:000006AC       WordWraps
 0002:000006B0       Passwords
 0002:000006B8       ReadOnlys
 0002:000006C0       CharCases
 0002:000006CC       HideSelections
 0002:000006D4       OEMConverts
 0002:000006DC       Empty
 0002:000006E0       Alignments
 0002:000006F8       ScrollBar
 0002:00000708       WordWraps
 0002:00000710       ComboBoxStyles
 0002:00000724       CharCases
 0002:00000730       Sorts
 0002:00000738       ButtonStyles
 0002:00000740       Alignments
 0002:00000750       Styles
 0002:0000075C       Sorteds
 0002:00000764       MultiSelects
 0002:0000076C       ExtendSelects
 0002:00000774       IntegralHeights
 0002:0000077C       MultiColumns
 0002:00000784       TabStops
 0002:0000078C       CSHREDRAW
 0002:00000794       CreationControl
 0002:00000798       DefaultDockTreeClass
 0002:0000079C       AnchorAlign
 0002:000007A4       Cursors
 0002:00000854       CaptureControl
 0002:00000858       ShowFlags
 0002:0000085C       WindowPos
 0002:00000860       InnerStyles
 0002:00000870       OuterStyles
 0002:00000880       EdgeStyles
 0002:00000890       Ctl3DStyles
 0002:00000898       OrientArray
 0002:000008A0       MakeLast
 0002:000008A8       TreeStreamEndFlag
 0002:000008AC       SizeCursors
 0002:000008B4       IMM32DLL
 0002:000008B8       ModeMap
 0002:000008C0       Mask
 0002:000008C8       DrawingStyles
 0002:000008D8       Images
 0002:000008E0       ValidMenuHotkeys
 0002:000008E4       cMenuAutoFlagToItem
 0002:000008E8       cItemAutoFlagToMenu
 0002:000008EC       cBooleanToItemAutoFlag
 0002:000008F0       cItemAutoFlagToBoolean
 0002:000008F4       MenuKeyCaps
 0002:0000093C       Checks
 0002:00000944       Enables
 0002:0000094C       Breaks
 0002:00000958       Separators
 0002:00000960       IBreaks
 0002:0000096C       IChecks
 0002:00000974       IDefaults
 0002:0000097C       IEnables
 0002:00000984       IRadios
 0002:0000098C       ISeparators
 0002:00000994       IRTL
 0002:0000099C       IOwnerDraw
 0002:000009A4       Alignments
 0002:000009AC       EdgeStyle
 0002:000009B4       Alignments
 0002:000009BC       Flags
 0002:000009C8       Buttons
 0002:000009CC       HintWindowClass
 0002:000009D0       FocusMessages
 0002:000009D4       FocusCount
 0002:000009D8       TaskActiveWindow
 0002:000009DC       TaskFirstWindow
 0002:000009E0       TaskFirstTopMost
 0002:000009E4       TaskWindowList
 0002:000009E8       BlockCode
 0002:000009EC       UtilWindowClass
 0002:00000A14       SysConsts
 0002:00000A1C       SysConsts
 0002:00000A24       Props
 0002:00000A4C       Styles
 0002:00000A58       BorderStyles
 0002:00000A60       ShowCommands
 0002:00000A6C       ShowCommands
 0002:00000A78       ShowCommands
 0002:00000A84       CursorMap
 0002:00000AD8       WindowClass
 0002:00000B00       AppVisible
 0002:00000B04       ShowFlags
 0002:00000B08       BorderStyles
 0002:00000B10       Alignments
 0002:00000B1C       Registered
 0002:00000B20       WndProcPtrAtom
 0002:00000B24       Captions
 0002:00000B38       IconIDs
 0002:00000B4C       ButtonNames
 0002:00000B78       ButtonCaptions
 0002:00000BA4       ModalResults
 0002:00000BD0       InnerStyles
 0002:00000BDC       OuterStyles
 0002:00000BE8       Ctl3DStyles
 0002:00000BF0       RTFConversionFormat
 0002:00000BFC       TextConversionFormat
 0002:00000C08       RTL
 0002:00000C10       RTL
 0002:00000C18       RTL
 0002:00000C20       AlignStyles
 0002:00000C40       TabStyles
 0002:00000C4C       RRStyles
 0002:00000C54       BorderStyles
 0002:00000C5C       LineStyles
 0002:00000C64       RootStyles
 0002:00000C6C       ButtonStyles
 0002:00000C74       EditStyles
 0002:00000C7C       HideSelections
 0002:00000C84       DragStyles
 0002:00000C8C       RTLStyles
 0002:00000C94       ToolTipStyles
 0002:00000C9C       AutoExpandStyles
 0002:00000CA4       HotTrackStyles
 0002:00000CAC       RowSelectStyles
 0002:00000CB4       ButtonStates
 0002:00000CC4       ButtonStyles
 0002:00000CD0       DownMessage
 0002:00000CD8       ListStyles
 0002:00000CE0       FlatStyles
 0002:00000CE8       TransparentStyles
 0002:00000CF0       InitDone
 0002:00000CF4       DefaultBlank
 0002:00000CF8       MaskFieldSeparator
 0002:00000CFC       MaskNoSave
 0002:00000D00       ArrowKey
 0002:00000D04       BitBtnResNames
 0002:00000D30       BitBtnCaptions
 0002:00000D5C       BitBtnModalResults
 0002:00000D88       GlyphCache
 0002:00000D8C       ButtonCount
 0002:00000D90       DownStyles
 0002:00000D98       FillStyles
 0002:00000DA0       NewState
 0002:00000DA4       CoCreateInstanceEx
 0002:00000DA8       CoInitializeEx
 0002:00000DAC       CoAddRefServerProcess
 0002:00000DB0       CoReleaseServerProcess
 0002:00000DB4       CoResumeClassObjects
 0002:00000DB8       CoSuspendClassObjects
 0002:00000DBC       CoInitFlags
 0002:00000DC0       ThreadStrs
 0002:00000DD0       DefaultFieldClasses
 0002:00000E60       FieldTypeNames
 0002:00000EF0       Power10
 0002:00000F00       FConst10
 0002:00000F04       CWNear
 0002:00000F08       TypeSizes
 0002:00000F2C       Events
 0002:00000F30       Values
 0002:00000F34       VarTypeMap
 0002:00000FC4       BaseFieldTypes
 0002:00000FE8       AlignStyle
 0002:00001000       BtnTypeName
 0002:00001028       BtnHintId
 0002:00001050       SearchTickCount
 0002:00001054       Direction
 0002:00001058       AlignFlags
 0002:00001064       RTL
 0002:0000106C       ScrollArrows
 0002:0000107C       ReverseOperator
 0002:00001084       BoolFalse
 0002:00001088       Operators
 0002:00001090       Operators
 0002:00001094       Operators
 0002:00001098       .
 0002:00001BDC       INFO_IDAPI32
 0002:00001C0C       .
 0002:00001CE8       __APIINFOTABLEEND
 0002:00001CE8       Class_SMClient
 0002:00001CE8       __APIINFOTABLE
 0002:00001CF8       FldTypeMap
 0002:00001D1C       FldSubTypeMap
 0002:00001D64       DataTypeMap
 0002:00001D7C       BlobTypeMap
 0002:00001D8C       TableTypeDriverNames
 0002:00001DA0       TimerID
 0002:00001DA4       SQLDelay
 0002:00001DA8       StartTime
 0002:00001DAC       OpenModes
 0002:00001DB4       ShareModes
 0002:00001DBC       RetCodes
 0002:00001DC0       CBRetCode
 0002:00001DD4       PropFlags
 0002:00001DE0       EndType
 0002:00001DE8       OpenModes
 0002:00001DF0       ShareModes
 0002:00001DF8       Exts
 0002:00003000       ExceptProc
 0002:00003004       ErrorProc
 0002:00003008       ExceptClsProc
 0002:0000300C       ExceptObjProc
 0002:00003010       ExceptionClass
 0002:00003014       SafeCallErrorProc
 0002:00003018       AssertErrorProc
 0002:0000301C       AbstractErrorProc
 0002:00003020       MainInstance
 0002:00003024       MainThreadID
 0002:00003028       IsLibrary
 0002:0000302C       CmdShow
 0002:00003030       CmdLine
 0002:00003034       InitProc
 0002:00003038       ExitCode
 0002:0000303C       ExitProc
 0002:00003040       ErrorAddr
 0002:00003044       RandSeed
 0002:00003048       IsConsole
 0002:00003049       IsMultiThread
 0002:0000304A       FileMode
 0002:0000304B       Test8086
 0002:0000304C       Test8087
 0002:0000304D       TestFDIV
 0002:00003050       Input
 0002:0000321C       Output
 0002:000033E8       ClearAnyProc
 0002:000033EC       ChangeAnyProc
 0002:000033F0       RefAnyProc
 0002:000033F4       Unassigned
 0002:00003404       Null
 0002:00003414       EmptyParam
 0002:00003424       AllocMemCount
 0002:00003428       AllocMemSize
 0002:0000342C       .3
 0002:00003430       initialized
 0002:00003434       heapErrorCode
 0002:00003438       heapLock
 0002:00003450       blockDescBlockList
 0002:00003454       blockDescFreeList
 0002:00003458       spaceRoot
 0002:00003468       decommittedRoot
 0002:00003478       avail
 0002:00003484       rover
 0002:00003488       remBytes
 0002:0000348C       curAlloc
 0002:00003490       smallTab
 0002:00003494       committedRoot
 0002:000034A4       InitContext
 0002:000034D0       ModuleIsLib
 0002:000034D1       ModuleIsCpp
 0002:000034D4       TlsIndex
 0002:000034DC       HInstance
 0002:000034E0       .1
 0002:000034E4       TlsBuffer
 0002:000034E8       .3
 0002:000034EC       .1
 0002:000034F0       .1
 0002:000034F4       CurrencyString
 0002:000034F8       CurrencyFormat
 0002:000034F9       NegCurrFormat
 0002:000034FA       ThousandSeparator
 0002:000034FB       DecimalSeparator
 0002:000034FC       CurrencyDecimals
 0002:000034FD       DateSeparator
 0002:00003500       ShortDateFormat
 0002:00003504       LongDateFormat
 0002:00003508       TimeSeparator
 0002:0000350C       TimeAMString
 0002:00003510       TimePMString
 0002:00003514       ShortTimeFormat
 0002:00003518       LongTimeFormat
 0002:0000351C       ShortMonthNames
 0002:0000354C       LongMonthNames
 0002:0000357C       ShortDayNames
 0002:00003598       LongDayNames
 0002:000035B4       SysLocale
 0002:000035C0       EraNames
 0002:000035DC       EraYearOffsets
 0002:000035F8       ListSeparator
 0002:000035FC       .44
 0002:00003600       OutOfMemory
 0002:00003604       InvalidPointer
 0002:00003608       FLanguages
 0002:0000360C       .3
 0002:00003610       .1
 0002:00003614       .5
 0002:00003618       GlobalNameSpace
 0002:0000361C       FindGlobalComponent
 0002:00003620       .84
 0002:00003624       ClassList
 0002:00003628       ClassAliasList
 0002:0000362C       IntConstList
 0002:00003630       GlobalFixupList
 0002:00003634       ThreadLock
 0002:0000364C       ThreadWindow
 0002:00003650       SystemPalette16
 0002:00003654       .81
 0002:00003658       ScreenLogPixels
 0002:0000365C       StockPen
 0002:00003660       StockBrush
 0002:00003664       StockFont
 0002:00003668       StockIcon
 0002:0000366C       BitmapImageLock
 0002:00003684       CounterLock
 0002:0000369C       FontManager
 0002:000036A0       PenManager
 0002:000036A4       BrushManager
 0002:000036A8       CanvasList
 0002:000036AC       PatternManager
 0002:000036B0       .9
 0002:000036B4       .1
 0002:000036B8       ComCtl32DLL
 0002:000036BC       _InitCommonControlsEx
 0002:000036C0       GetSystemMetrics
 0002:000036C4       MonitorFromWindow
 0002:000036C8       MonitorFromRect
 0002:000036CC       MonitorFromPoint
 0002:000036D0       GetMonitorInfoA
 0002:000036D4       GetMonitorInfoW
 0002:000036D8       GetMonitorInfo
 0002:000036DC       EnumDisplayMonitors
 0002:000036E0       .1
 0002:000036E4       User32Dll
 0002:000036E8       InitApis
 0002:000036F0       MMAvailable
 0002:000036F4       .1
 0002:000036F8       .2
 0002:000036FC       .3
 0002:00003700       .3
 0002:00003704       FlatSB_EnableScrollBar
 0002:00003708       FlatSB_ShowScrollBar
 0002:0000370C       FlatSB_GetScrollRange
 0002:00003710       FlatSB_GetScrollInfo
 0002:00003714       FlatSB_GetScrollPos
 0002:00003718       FlatSB_SetScrollPos
 0002:0000371C       FlatSB_SetScrollInfo
 0002:00003720       FlatSB_SetScrollRange
 0002:00003724       .1
 0002:00003728       _FlatSB_GetScrollProp
 0002:0000372C       _FlatSB_SetScrollProp
 0002:00003730       _InitializeFlatSB
 0002:00003734       _UninitializeFlatSB
 0002:00003738       .22
 0002:0000373C       CF_PICTURE
 0002:0000373E       CF_COMPONENT
 0002:00003740       .2
 0002:00003744       FClipboard
 0002:00003748       .02
 0002:0000374C       Mouse
 0002:00003750       NewStyleControls
 0002:00003754       .22
 0002:00003758       WindowAtom
 0002:0000375A       ControlAtom
 0002:0000375C       DragControl
 0002:00003760       DragObject
 0002:00003764       DragFreeObject
 0002:00003768       DragCapture
 0002:0000376C       DragStartPos
 0002:00003774       DragSaveCursor
 0002:00003778       DragThreshold
 0002:0000377C       ActiveDrag
 0002:00003780       DragImageList
 0002:00003784       DockSiteList
 0002:00003788       QualifyingSites
 0002:0000378C       CanvasList
 0002:00003790       _WINNLSEnableIME
 0002:00003794       _ImmGetContext
 0002:00003798       _ImmReleaseContext
 0002:0000379C       _ImmGetConversionStatus
 0002:000037A0       _ImmSetConversionStatus
 0002:000037A4       _ImmSetOpenStatus
 0002:000037A8       _ImmSetCompositionWindow
 0002:000037AC       _ImmSetCompositionFont
 0002:000037B0       _ImmGetCompositionString
 0002:000037B4       _ImmIsIME
 0002:000037B8       _ImmNotifyIME
 0002:000037BC       .7
 0002:000037C0       .3
 0002:000037C4       PopupList
 0002:000037C8       ShortCutItems
 0002:000037CC       .9
 0002:000037D0       CommandPool
 0002:000037D4       Application
 0002:000037D8       Screen
 0002:000037DC       .51
 0002:000037E0       InstBlockList
 0002:000037E4       InstFreeList
 0002:000037E8       HintThreadID
 0002:000037EC       HintDoneEvent
 0002:000037F0       HintHook
 0002:000037F4       HintThread
 0002:000037F8       .1
 0002:000037FC       .1
 0002:00003800       .1
 0002:00003804       .1
 0002:00003808       .1
 0002:0000380C       .1
 0002:00003810       .61
 0002:00003814       .1
 0002:00003818       .01
 0002:0000381C       HelpMsg
 0002:00003820       FindMsg
 0002:00003824       ButtonWidths
 0002:00003850       .1
 0002:00003854       .4
 0002:00003858       .1
 0002:0000385C       .45
 0002:00003860       ShellModule
 0002:00003864       FRichEditModule
 0002:00003868       ComCtlVersion
 0002:0000386C       ToolMenuHook
 0002:00003870       MenuToolBar
 0002:00003874       MenuToolBar2
 0002:00003878       MenuButtonIndex
 0002:0000387C       LastMenuItem
 0002:00003880       LastMousePos
 0002:00003888       StillModal
 0002:0000388C       ToolMenuKeyHook
 0002:00003890       .6
 0002:00003894       .3
 0002:00003898       BitBtnGlyphs
 0002:000038C4       .1
 0002:000038C8       .1
 0002:000038CC       .61
 0002:000038D0       OleUninitializing
 0002:000038D4       ComClassManagerVar
 0002:000038D8       SaveInitProc
 0002:000038DC       NeedToUninitialize
 0002:000038E0       .16
 0002:000038E4       .22
 0002:000038E8       .9
 0002:000038EC       .9
 0002:000038F0       DrawBitmap
 0002:000038F4       UserCount
 0002:000038F8       .4
 0002:000038FC       .3
 0002:00003900       .1
 0002:00003904       .
 0002:0000391C       .1
 0002:00003920       .2
 0002:00003924       .2
 0002:00003928       .1
 0002:0000392C       Session
 0002:00003930       Sessions
 0002:00003934       GetObjectContextProc
 0002:00003938       .22
 0002:0000393C       FCSect
 0002:00003954       BDEInitProcs
 0002:00003958       SaveInitProc
 0002:0000395C       NeedToUninitialize
 0002:00003960       Datos
 0002:00003964       proxi
 0002:0000396C       Nombreindice
 0002:00003970       elmes
 0002:00003972       elanio
 0002:00003974       eldia
 0002:00003976       hoymes
 0002:00003978       hoydia
 0002:0000397A       hoyanio
 0002:00003980       FEquipos
 0002:00003984       MenUsuItem
 0002:00003988       MenuArtiItem
 0002:0000398C       anio
 0002:0000398E       mesactual
 0002:00003990       dia


Bound resource files

c:\archivos de programa\borland\delphi5\Lib\CONTROLS.RES
c:\archivos de programa\borland\delphi5\Lib\BUTTONS.RES
c:\archivos de programa\borland\delphi5\Lib\DBCTRLS.RES
c:\archivos de programa\borland\delphi5\Lib\DBGRIDS.RES
c:\archivos de programa\borland\delphi5\Lib\DBPWDlg.DFM
c:\archivos de programa\borland\delphi5\Lib\DBLogDlg.DFM
Pdatos.DFM
Ventana.DFM
equipos2.RES
equipos2.drf


Program entry point at 0001:000B2B2C
